<html>
<body>
<pre>
<h1>µVision Build Log</h1>
<h2>Tool Versions:</h2>
IDE-Version: ¦ÌVision V5.20.0.0
Copyright (C) 2016 ARM Ltd and ARM Germany GmbH. All rights reserved.
License Information: 1 ASUS, Microsoft, LIC=HN08T-RZE5I-AQD0M-X62U1-16VJE-4CQHX
 
Tool Versions:
Toolchain:       MDK-ARM Plus  Version: 5.20
Toolchain Path:  D:\Keil_v5\ARM\ARMCC\Bin
C Compiler:      Armcc.exe V5.06 update 2 (build 183)
Assembler:       Armasm.exe V5.06 update 2 (build 183)
Linker/Locator:  ArmLink.exe V5.06 update 2 (build 183)
Library Manager: ArmAr.exe V5.06 update 2 (build 183)
Hex Converter:   FromElf.exe V5.06 update 2 (build 183)
CPU DLL:         SARMCM3.DLL V5.20
Dialog DLL:      DARMCM1.DLL V1.14.0.0
Target DLL:      Segger\JL2CM3.dll V2.99.20.0
Dialog DLL:      TARMCM1.DLL V1.10.0.0
 
<h2>Project:</h2>
C:\Users\lll88\Desktop\dpj\test 8\clock.uvprojx
Project File Date:  06/01/2017

<h2>Output:</h2>
*** Using Compiler 'V5.06 update 2 (build 183)', folder: 'D:\Keil_v5\ARM\ARMCC\Bin'
Rebuild target 'Target 1'
compiling ConvertColor.c...
compiling font5_7.c...
compiling main.c...
main.c(38): warning:  #940-D: missing return statement at end of non-void function "GUI_MenuDraw"
  }
main.c(451): warning:  #223-D: function "Set_pwm" declared implicitly
  				Set_pwm(5000, 400);
main.c(457): warning:  #223-D: function "Set_pwm" declared implicitly
  			else Set_pwm(0, 400);
main.c(462): warning:  #111-D: statement is unreachable
   return 0; 
main.c(522): warning:  #111-D: statement is unreachable
  				 case 0:for(int i=20;i<120;i+=5)GUI_PutString(i,17,"-"); return 1;break;
main.c(523): warning:  #111-D: statement is unreachable
  			   case 1:for(int i=20;i<120;i+=5)GUI_PutString(i,28,"-"); return 2;break;
main.c(543): warning:  #223-D: function "TIM32B0_PWM" declared implicitly
  	  TIM32B0_PWM(0,0);
main.c: 7 warnings, 0 errors
compiling FONT8_8.C...
compiling FONT24_32.C...
compiling GUI_StockC.C...
compiling lcmdrv.c...
compiling GUI_BASIC.C...
ZLG_GUI\GUI_BASIC.C(1202): warning:  #111-D: statement is unreachable
    GUI_HLine(x0_bak, y0_bak, x1_bak, color);
ZLG_GUI\GUI_BASIC.C: 1 warning, 0 errors
compiling loadbit.c...
compiling menu.c...
compiling windows.c...
compiling spline.c...
compiling ADC.c...
Hardware\ADC\ADC.c(157): warning:  #940-D: missing return statement at end of non-void function "GetTemp"
  }
Hardware\ADC\ADC.c(67): warning:  #177-D: variable "T" was declared but never referenced
  	float  T=0;
Hardware\ADC\ADC.c(161): warning:  #1-D: last line of file ends without a newline
  	 
Hardware\ADC\ADC.c: 3 warnings, 0 errors
compiling at24c02.c...
compiling i2c.c...
compiling uart.c...
compiling Key.c...
compiling GPIO.c...
compiling music.c...
Hardware\MUSIC\music.c(35): warning:  #223-D: function "T16B0_delay_ms" declared implicitly
  		
elay_ms (1000*(mysunshine [2*i]));							//??Ò»???Ö½Ú½??Ä£?Ã¿??30ms
Hardware\MUSIC\music.c: 1 warning, 0 errors
compiling pwm.c...
compiling Oled_New.c...
assembling startup_LPC11xx.s...
compiling timer.c...
compiling system_LPC11xx.c...
linking...
Program Size: Code=7460 RO-data=1000 RW-data=1244 ZI-data=1732  
".\Objects\clock.axf" - 0 Error(s), 12 Warning(s).

<h2>Software Packages used:</h2>

Package Vendor: ARM
                http://www.keil.com/pack/ARM.CMSIS.5.0.0-Beta12.pack
                ARM::CMSIS:CORE:5.0.0
                CMSIS (Cortex Microcontroller Software Interface Standard)
   * Component: CORE Version: 5.0.0

Package Vendor: Keil
                http://www.keil.com/pack/Keil.LPC1100_DFP.1.4.0.pack
                Keil::Device:Startup:1.0.0
                NXP LPC1100 Series Device Support
   * Component: Startup Version: 1.0.0

<h2>Collection of Component include folders:</h2>
  C:\Users\lll88\Desktop\dpj\test 8\RTE
  D:\Keil_v5\ARM\PACK\ARM\CMSIS\5.0.0-Beta12\CMSIS\Include
  D:\Keil_v5\ARM\PACK\Keil\LPC1100_DFP\1.4.0\Device\Include\LPC11xx

<h2>Collection of Component Files used:</h2>

   * Component: ARM::CMSIS:CORE:5.0.0

   * Component: Keil::Device:Startup:1.0.0
      Source file:   Device\Source\system_LPC11xx.c
      Source file:   Device\Source\ARM\startup_LPC11xx.s
Build Time Elapsed:  00:00:05
</pre>
</body>
</html>
