Component: ARM Compiler 5.06 update 2 (build 183) Tool: armlink [4d35b7]

==============================================================================

Section Cross References

    main.o(i.GUI_MenuDraw) refers to lcmdrv.o(i.GUI_HLine) for GUI_HLine
    main.o(i.GUI_MenuDraw) refers to lcmdrv.o(i.GUI_RLine) for GUI_RLine
    main.o(i.Menu) refers to font5_7.o(i.GUI_PutString) for GUI_PutString
    main.o(i.Menu) refers to windows.o(i.GUI_WindowsDraw) for GUI_WindowsDraw
    main.o(i.Menu) refers to lcmdrv.o(i.GUI_Exec) for GUI_Exec
    main.o(i.Menu) refers to main.o(.bss) for Win
    main.o(i.MyClock) refers to lcmdrv.o(i.GUI_ClearSCR) for GUI_ClearSCR
    main.o(i.MyClock) refers to gui_basic.o(i.GUI_LineWith) for GUI_LineWith
    main.o(i.MyClock) refers to aeabi_sdiv.o(.text) for __aeabi_idivmod
    main.o(i.MyClock) refers to timer.o(i.T16B0_delay_ms) for T16B0_delay_ms
    main.o(i.MyClock) refers to gui_basic.o(i.GUI_RectangleFill) for GUI_RectangleFill
    main.o(i.MyClock) refers to loadbit.o(i.GUI_LoadPic) for GUI_LoadPic
    main.o(i.MyClock) refers to font5_7.o(i.GUI_PutString) for GUI_PutString
    main.o(i.MyClock) refers to main.o(i.GUI_MenuDraw) for GUI_MenuDraw
    main.o(i.MyClock) refers to lcmdrv.o(i.GUI_Exec) for GUI_Exec
    main.o(i.MyClock) refers to main.o(.data) for hourTime
    main.o(i.MyClock) refers to gui_stockc.o(.data) for back_color
    main.o(i.MySetting) refers to _printf_pad.o(.text) for _printf_pre_padding
    main.o(i.MySetting) refers to _printf_percent.o(.ARM.Collect$$_printf_percent$$00000000) for _printf_percent
    main.o(i.MySetting) refers to _printf_d.o(.ARM.Collect$$_printf_percent$$00000009) for _printf_d
    main.o(i.MySetting) refers to _printf_dec.o(.text) for _printf_int_dec
    main.o(i.MySetting) refers to at24c02.o(i.AT24C02_ReadOneByte) for AT24C02_ReadOneByte
    main.o(i.MySetting) refers to lcmdrv.o(i.GUI_ClearSCR) for GUI_ClearSCR
    main.o(i.MySetting) refers to main.o(i.GUI_MenuDraw) for GUI_MenuDraw
    main.o(i.MySetting) refers to font5_7.o(i.GUI_PutString) for GUI_PutString
    main.o(i.MySetting) refers to at24c02.o(i.AT24C02_WriteOneByte) for AT24C02_WriteOneByte
    main.o(i.MySetting) refers to timer.o(i.T16B0_delay_ms) for T16B0_delay_ms
    main.o(i.MySetting) refers to noretval__2sprintf.o(.text) for __2sprintf
    main.o(i.MySetting) refers to loadbit.o(i.GUI_LoadPic) for GUI_LoadPic
    main.o(i.MySetting) refers to lcmdrv.o(i.GUI_Exec) for GUI_Exec
    main.o(i.MySetting) refers to main.o(.data) for My_setting
    main.o(i.MyThermometer) refers to _printf_percent.o(.ARM.Collect$$_printf_percent$$00000000) for _printf_percent
    main.o(i.MyThermometer) refers to _printf_d.o(.ARM.Collect$$_printf_percent$$00000009) for _printf_d
    main.o(i.MyThermometer) refers to _printf_dec.o(.text) for _printf_int_dec
    main.o(i.MyThermometer) refers to _printf_pad.o(.text) for _printf_pre_padding
    main.o(i.MyThermometer) refers to lcmdrv.o(i.GUI_ClearSCR) for GUI_ClearSCR
    main.o(i.MyThermometer) refers to at24c02.o(i.AT24C02_ReadOneByte) for AT24C02_ReadOneByte
    main.o(i.MyThermometer) refers to loadbit.o(i.GUI_LoadPic) for GUI_LoadPic
    main.o(i.MyThermometer) refers to main.o(i.GUI_MenuDraw) for GUI_MenuDraw
    main.o(i.MyThermometer) refers to font5_7.o(i.GUI_PutString) for GUI_PutString
    main.o(i.MyThermometer) refers to timer.o(i.T16B0_delay_ms) for T16B0_delay_ms
    main.o(i.MyThermometer) refers to noretval__2sprintf.o(.text) for __2sprintf
    main.o(i.MyThermometer) refers to uart.o(i.UART_SendStr) for UART_SendStr
    main.o(i.MyThermometer) refers to adc.o(i.GetAdc) for GetAdc
    main.o(i.MyThermometer) refers to gui_basic.o(i.GUI_RectangleFill) for GUI_RectangleFill
    main.o(i.MyThermometer) refers to pwm.o(i.Set_pwm) for Set_pwm
    main.o(i.MyThermometer) refers to lcmdrv.o(i.GUI_Exec) for GUI_Exec
    main.o(i.MyThermometer) refers to main.o(.data) for Thermometer
    main.o(i.MyThermometer) refers to adc.o(.bss) for GcRcvBuf
    main.o(i.MyThermometer) refers to adc.o(.data) for Temp
    main.o(i.TIMER32_0_IRQHandler) refers to main.o(.data) for timecounter
    main.o(i.Timer0Init) refers to aeabi_sdiv.o(.text) for __aeabi_uidivmod
    main.o(i.Timer0Init) refers to system_lpc11xx.o(.data) for SystemCoreClock
    main.o(i.WinInit) refers to main.o(.bss) for Win
    main.o(i.WinInit) refers to main.o(.data) for AS
    main.o(i.main) refers to oled_new.o(i.OLED_Init) for OLED_Init
    main.o(i.main) refers to gui_stockc.o(i.GUI_SetColor) for GUI_SetColor
    main.o(i.main) refers to key.o(i.Key_init) for Key_init
    main.o(i.main) refers to adc.o(i.ADC_Init) for ADC_Init
    main.o(i.main) refers to uart.o(i.UART_Init) for UART_Init
    main.o(i.main) refers to timer.o(i.T16B0_init) for T16B0_init
    main.o(i.main) refers to pwm.o(i.TIM32B0_PWM) for TIM32B0_PWM
    main.o(i.main) refers to i2c.o(i.I2C_Init) for I2C_Init
    main.o(i.main) refers to at24c02.o(i.AT24C02_Check) for AT24C02_Check
[...]
    _printf_dec.o(.text) refers to rtudiv10.o(.text) for __rt_udiv10
    _printf_dec.o(.text) refers to _printf_intcommon.o(.text) for _printf_int_common
    __printf_flags.o(.text) refers to _printf_percent.o(.ARM.Collect$$_printf_percent$$00000000) for _printf_percent
    __printf_flags.o(.text) refers to __printf_flags.o(.constdata) for .constdata
    __printf_ss.o(.text) refers to _printf_percent.o(.ARM.Collect$$_printf_percent$$00000000) for _printf_percent
    __printf_flags_ss.o(.text) refers to _printf_percent.o(.ARM.Collect$$_printf_percent$$00000000) for _printf_percent
    __printf_flags_ss.o(.text) refers to __printf_flags_ss.o(.constdata) for .constdata
    __printf_wp.o(.text) refers to __printf_wp.o(i._is_digit) for _is_digit
    __printf_wp.o(.text) refers to _printf_percent.o(.ARM.Collect$$_printf_percent$$00000000) for _printf_percent
    __printf_flags_wp.o(.text) refers to __printf_wp.o(i._is_digit) for _is_digit
    __printf_flags_wp.o(.text) refers to _printf_percent.o(.ARM.Collect$$_printf_percent$$00000000) for _printf_percent
    __printf_flags_wp.o(.text) refers to __printf_flags_wp.o(.constdata) for .constdata
    __printf_ss_wp.o(.text) refers to __printf_wp.o(i._is_digit) for _is_digit
    __printf_ss_wp.o(.text) refers to _printf_percent.o(.ARM.Collect$$_printf_percent$$00000000) for _printf_percent
    __printf_flags_ss_wp.o(.text) refers to __printf_wp.o(i._is_digit) for _is_digit
    __printf_flags_ss_wp.o(.text) refers to _printf_percent.o(.ARM.Collect$$_printf_percent$$00000000) for _printf_percent
    __printf_flags_ss_wp.o(.text) refers to __printf_flags_ss_wp.o(.constdata) for .constdata
    _printf_d.o(.ARM.Collect$$_printf_percent$$00000009) refers (Weak) to _printf_dec.o(.text) for _printf_int_dec
    _printf_percent.o(.ARM.Collect$$_printf_percent$$00000000) refers (Special) to _printf_percent_end.o(.ARM.Collect$$_printf_percent$$00000017) for _printf_percent_end
    __main.o(!!!main) refers to __rtentry.o(.ARM.Collect$$rtentry$$00000000) for __rt_entry
    d2f.o(.text) refers (Special) to usenofp.o(x$fpl$usenofp) for __I$use$fp
    ddiv.o(.text) refers (Special) to usenofp.o(x$fpl$usenofp) for __I$use$fp
    ddiv.o(.text) refers to ddiv.o(.constdata) for .constdata
    ddiv.o(.constdata) refers (Special) to usenofp.o(x$fpl$usenofp) for __I$use$fp
    dfixi.o(.text) refers (Special) to usenofp.o(x$fpl$usenofp) for __I$use$fp
    dflti.o(.text) refers (Special) to usenofp.o(x$fpl$usenofp) for __I$use$fp
    f2d.o(.text) refers (Special) to usenofp.o(x$fpl$usenofp) for __I$use$fp
    faddsub.o(x$fpl$fadd) refers (Special) to usenofp.o(x$fpl$usenofp) for __I$use$fp
    faddsub.o(x$fpl$fadd) refers to faddsub.o(x$fpl$fsub) for _fsub1
    faddsub.o(x$fpl$frsb) refers (Special) to usenofp.o(x$fpl$usenofp) for __I$use$fp
    faddsub.o(x$fpl$frsb) refers to faddsub.o(x$fpl$fsub) for _fsub1
    faddsub.o(x$fpl$frsb) refers to faddsub.o(x$fpl$fadd) for _fadd1
    faddsub.o(x$fpl$fsub) refers (Special) to usenofp.o(x$fpl$usenofp) for __I$use$fp
    faddsub.o(x$fpl$fsub) refers to faddsub.o(x$fpl$fadd) for _fadd1
    fdiv.o(.text) refers (Special) to usenofp.o(x$fpl$usenofp) for __I$use$fp
    fdiv.o(.text) refers to fdiv.o(.constdata) for .constdata
    fdiv.o(.constdata) refers (Special) to usenofp.o(x$fpl$usenofp) for __I$use$fp
    ffixi.o(.text) refers (Special) to usenofp.o(x$fpl$usenofp) for __I$use$fp
    fflti.o(.text) refers (Special) to usenofp.o(x$fpl$usenofp) for __I$use$fp
    fmul.o(x$fpl$fmul) refers (Special) to usenofp.o(x$fpl$usenofp) for __I$use$fp
    sqrt.o(i.__softfp_sqrt) refers (Special) to usenofp.o(x$fpl$usenofp) for __I$use$fp
    sqrt.o(i.__softfp_sqrt) refers to dsqrt.o(.text) for _dsqrt
    sqrt.o(i.__softfp_sqrt) refers to _rserrno.o(.text) for __set_errno
    sqrt.o(i.sqrt) refers (Special) to usenofp.o(x$fpl$usenofp) for __I$use$fp
    sqrt.o(i.sqrt) refers to dsqrt.o(.text) for _dsqrt
    sqrt.o(i.sqrt) refers to _rserrno.o(.text) for __set_errno
    sqrt_x.o(i.____softfp_sqrt$lsc) refers (Special) to usenofp.o(x$fpl$usenofp) for __I$use$fp
    sqrt_x.o(i.____softfp_sqrt$lsc) refers to dlef.o(x$fpl$dleqf) for __aeabi_cdcmple
    sqrt_x.o(i.____softfp_sqrt$lsc) refers to _rserrno.o(.text) for __set_errno
    sqrt_x.o(i.____softfp_sqrt$lsc) refers to dsqrt.o(.text) for _dsqrt
    sqrt_x.o(i.__sqrt$lsc) refers (Special) to usenofp.o(x$fpl$usenofp) for __I$use$fp
    sqrt_x.o(i.__sqrt$lsc) refers to dlef.o(x$fpl$dleqf) for __aeabi_cdcmple
    sqrt_x.o(i.__sqrt$lsc) refers to _rserrno.o(.text) for __set_errno
    sqrt_x.o(i.__sqrt$lsc) refers to dsqrt.o(.text) for _dsqrt
    __rtentry.o(.ARM.Collect$$rtentry$$00000000) refers (Special) to __rtentry2.o(.ARM.Collect$$rtentry$$0000000A) for __rt_entry_li
    __rtentry.o(.ARM.Collect$$rtentry$$00000000) refers (Special) to __rtentry2.o(.ARM.Collect$$rtentry$$0000000D) for __rt_entry_main
    __rtentry.o(.ARM.Collect$$rtentry$$00000000) refers (Special) to __rtentry2.o(.ARM.Collect$$rtentry$$0000000C) for __rt_entry_postli_1
    __rtentry.o(.ARM.Collect$$rtentry$$00000000) refers (Special) to __rtentry2.o(.ARM.Collect$$rtentry$$00000009) for __rt_entry_postsh_1
    __rtentry.o(.ARM.Collect$$rtentry$$00000000) refers (Special) to __rtentry2.o(.ARM.Collect$$rtentry$$00000002) for __rt_entry_presh_1
    __rtentry.o(.ARM.Collect$$rtentry$$00000000) refers (Special) to __rtentry4.o(.ARM.Collect$$rtentry$$00000004) for __rt_entry_sh
    aeabi_idiv0_sigfpe.o(.text) refers to rt_div0.o(.text) for __rt_div0
    _rserrno.o(.text) refers to rt_errno_addr_intlibspace.o(.text) for __aeabi_errno_addr
    _printf_intcommon.o(.text) refers (Weak) to _printf_pad.o(.text) for _printf_pre_padding
    _printf_intcommon.o(.text) refers (Weak) to _printf_pad.o(.text) for _printf_pre_padding
    _printf_intcommon.o(.text) refers (Weak) to _printf_pad.o(.text) for _printf_post_padding
    _printf_char_common.o(.text) refers to __printf_wp.o(.text) for __printf
    dlef.o(x$fpl$dleqf) refers (Special) to usenofp.o(x$fpl$usenofp) for __I$use$fp
    dlef.o(x$fpl$dleqf) refers to dcmpin.o(.text) for __fpl_dcmp_InfNaN
    dsqrt.o(.text) refers (Special) to usenofp.o(x$fpl$usenofp) for __I$use$fp
    __rtentry2.o(.ARM.Collect$$rtentry$$00000008) refers to boardinit2.o(.text) for _platform_post_stackheap_init
    __rtentry2.o(.ARM.Collect$$rtentry$$0000000A) refers to libinit.o(.ARM.Collect$$libinit$$00000000) for __rt_lib_init
    __rtentry2.o(.ARM.Collect$$rtentry$$0000000B) refers to boardinit3.o(.text) for _platform_post_lib_init
    __rtentry2.o(.ARM.Collect$$rtentry$$0000000D) refers to main.o(i.main) for main
    __rtentry2.o(.ARM.Collect$$rtentry$$0000000D) refers to exit.o(.text) for exit
    __rtentry2.o(.ARM.exidx) refers to __rtentry2.o(.ARM.Collect$$rtentry$$00000001) for .ARM.Collect$$rtentry$$00000001
    __rtentry2.o(.ARM.exidx) refers to __rtentry2.o(.ARM.Collect$$rtentry$$00000008) for .ARM.Collect$$rtentry$$00000008
    __rtentry2.o(.ARM.exidx) refers to __rtentry2.o(.ARM.Collect$$rtentry$$0000000A) for .ARM.Collect$$rtentry$$0000000A
    __rtentry2.o(.ARM.exidx) refers to __rtentry2.o(.ARM.Collect$$rtentry$$0000000B) for .ARM.Collect$$rtentry$$0000000B
    __rtentry2.o(.ARM.exidx) refers to __rtentry2.o(.ARM.Collect$$rtentry$$0000000D) for .ARM.Collect$$rtentry$$0000000D
    __rtentry4.o(.ARM.Collect$$rtentry$$00000004) refers to sys_stackheap_outer.o(.text) for __user_setup_stackheap
    __rtentry4.o(.ARM.exidx) refers to __rtentry4.o(.ARM.Collect$$rtentry$$00000004) for .ARM.Collect$$rtentry$$00000004
    rt_div0.o(.text) refers to defsig_fpe_outer.o(.text) for __rt_SIGFPE
    rt_errno_addr.o(.text) refers to rt_errno_addr.o(.bss) for __aeabi_errno_addr_data
    rt_errno_addr_intlibspace.o(.text) refers to libspace.o(.bss) for __libspace_start
    dcmpin.o(.text) refers (Special) to usenofp.o(x$fpl$usenofp) for __I$use$fp
    dcmpin.o(.text) refers to cmpret.o(.text) for __fpl_cmpreturn
    dcmpin.o(.text) refers to dnan2.o(.text) for __fpl_dcheck_NaN2
    libspace.o(.text) refers to libspace.o(.bss) for __libspace_start
    sys_stackheap_outer.o(.text) refers to libspace.o(.text) for __user_perproc_libspace
    sys_stackheap_outer.o(.text) refers to startup_lpc11xx.o(.text) for __user_initial_stackheap
    sys_stackheap_outer.o(__vectab_stack_and_reset_area) refers to tempstk.o(.text) for __temporary_stack_top
    sys_stackheap_outer.o(__vectab_stack_and_reset_area) refers to __main.o(!!!main) for __main
    exit.o(.text) refers to rtexit.o(.ARM.Collect$$rtexit$$00000000) for __rt_exit
    defsig_fpe_outer.o(.text) refers to defsig_fpe_inner.o(.text) for __rt_SIGFPE_inner
    defsig_fpe_outer.o(.text) refers to defsig_exit.o(.text) for __sig_exit
    defsig_fpe_formal.o(.text) refers to rt_raise.o(.text) for __rt_raise
    libinit.o(.ARM.Collect$$libinit$$00000000) refers (Special) to libinit2.o(.ARM.Collect$$libinit$$0000002E) for __rt_lib_init_alloca_1
    libinit.o(.ARM.Collect$$libinit$$00000000) refers (Special) to libinit2.o(.ARM.Collect$$libinit$$0000002C) for __rt_lib_init_argv_1
    libinit.o(.ARM.Collect$$libinit$$00000000) refers (Special) to libinit2.o(.ARM.Collect$$libinit$$0000001B) for __rt_lib_init_atexit_1
    libinit.o(.ARM.Collect$$libinit$$00000000) refers (Special) to libinit2.o(.ARM.Collect$$libinit$$00000021) for __rt_lib_init_clock_1
    libinit.o(.ARM.Collect$$libinit$$00000000) refers (Special) to libinit2.o(.ARM.Collect$$libinit$$00000032) for __rt_lib_init_cpp_1
    libinit.o(.ARM.Collect$$libinit$$00000000) refers (Special) to libinit2.o(.ARM.Collect$$libinit$$00000030) for __rt_lib_init_exceptions_1
    libinit.o(.ARM.Collect$$libinit$$00000000) refers (Special) to libinit2.o(.ARM.Collect$$libinit$$00000002) for __rt_lib_init_fp_1
    libinit.o(.ARM.Collect$$libinit$$00000000) refers (Special) to libinit2.o(.ARM.Collect$$libinit$$0000001F) for __rt_lib_init_fp_trap_1
    libinit.o(.ARM.Collect$$libinit$$00000000) refers (Special) to libinit2.o(.ARM.Collect$$libinit$$00000023) for __rt_lib_init_getenv_1
    libinit.o(.ARM.Collect$$libinit$$00000000) refers (Special) to libinit2.o(.ARM.Collect$$libinit$$0000000A) for __rt_lib_init_heap_1
    libinit.o(.ARM.Collect$$libinit$$00000000) refers (Special) to libinit2.o(.ARM.Collect$$libinit$$00000011) for __rt_lib_init_lc_collate_1
    libinit.o(.ARM.Collect$$libinit$$00000000) refers (Special) to libinit2.o(.ARM.Collect$$libinit$$00000013) for __rt_lib_init_lc_ctype_1
    libinit.o(.ARM.Collect$$libinit$$00000000) refers (Special) to libinit2.o(.ARM.Collect$$libinit$$00000015) for __rt_lib_init_lc_monetary_1
    libinit.o(.ARM.Collect$$libinit$$00000000) refers (Special) to libinit2.o(.ARM.Collect$$libinit$$00000017) for __rt_lib_init_lc_numeric_1
    libinit.o(.ARM.Collect$$libinit$$00000000) refers (Special) to libinit2.o(.ARM.Collect$$libinit$$00000019) for __rt_lib_init_lc_time_1
    libinit.o(.ARM.Collect$$libinit$$00000000) refers (Special) to libinit2.o(.ARM.Collect$$libinit$$00000004) for __rt_lib_init_preinit_1
    libinit.o(.ARM.Collect$$libinit$$00000000) refers (Special) to libinit2.o(.ARM.Collect$$libinit$$0000000E) for __rt_lib_init_rand_1
    libinit.o(.ARM.Collect$$libinit$$00000000) refers (Special) to libinit2.o(.ARM.Collect$$libinit$$00000033) for __rt_lib_init_return
    libinit.o(.ARM.Collect$$libinit$$00000000) refers (Special) to libinit2.o(.ARM.Collect$$libinit$$0000001D) for __rt_lib_init_signal_1
    libinit.o(.ARM.Collect$$libinit$$00000000) refers (Special) to libinit2.o(.ARM.Collect$$libinit$$00000025) for __rt_lib_init_stdio_1
    libinit.o(.ARM.Collect$$libinit$$00000000) refers (Special) to libinit2.o(.ARM.Collect$$libinit$$0000000C) for __rt_lib_init_user_alloc_1
    cmpret.o(.text) refers (Special) to usenofp.o(x$fpl$usenofp) for __I$use$fp
    dnan2.o(.text) refers (Special) to usenofp.o(x$fpl$usenofp) for __I$use$fp
    dnan2.o(.text) refers to retnan.o(.text) for __fpl_return_NaN
    rtexit.o(.ARM.Collect$$rtexit$$00000000) refers (Special) to rtexit2.o(.ARM.Collect$$rtexit$$00000004) for __rt_exit_exit
    rtexit.o(.ARM.Collect$$rtexit$$00000000) refers (Special) to rtexit2.o(.ARM.Collect$$rtexit$$00000003) for __rt_exit_ls
    rtexit.o(.ARM.Collect$$rtexit$$00000000) refers (Special) to rtexit2.o(.ARM.Collect$$rtexit$$00000002) for __rt_exit_prels_1
    rtexit.o(.ARM.exidx) refers (Special) to rtexit2.o(.ARM.Collect$$rtexit$$00000004) for __rt_exit_exit
    rtexit.o(.ARM.exidx) refers (Special) to rtexit2.o(.ARM.Collect$$rtexit$$00000003) for __rt_exit_ls
    rtexit.o(.ARM.exidx) refers (Special) to rtexit2.o(.ARM.Collect$$rtexit$$00000002) for __rt_exit_prels_1
    rtexit.o(.ARM.exidx) refers to rtexit.o(.ARM.Collect$$rtexit$$00000000) for .ARM.Collect$$rtexit$$00000000
    rt_raise.o(.text) refers to __raise.o(.text) for __raise
    rt_raise.o(.text) refers to sys_exit.o(.text) for _sys_exit
    defsig_exit.o(.text) refers to sys_exit.o(.text) for _sys_exit
    defsig_fpe_inner.o(.text) refers to defsig_general.o(.text) for __default_signal_display
    libinit2.o(.ARM.Collect$$libinit$$00000010) refers to libinit2.o(.ARM.Collect$$libinit$$0000000F) for .ARM.Collect$$libinit$$0000000F
    libinit2.o(.ARM.Collect$$libinit$$00000012) refers to libinit2.o(.ARM.Collect$$libinit$$0000000F) for .ARM.Collect$$libinit$$0000000F
    libinit2.o(.ARM.Collect$$libinit$$00000014) refers to libinit2.o(.ARM.Collect$$libinit$$0000000F) for .ARM.Collect$$libinit$$0000000F
    libinit2.o(.ARM.Collect$$libinit$$00000016) refers to libinit2.o(.ARM.Collect$$libinit$$0000000F) for .ARM.Collect$$libinit$$0000000F
    libinit2.o(.ARM.Collect$$libinit$$00000018) refers to libinit2.o(.ARM.Collect$$libinit$$0000000F) for .ARM.Collect$$libinit$$0000000F
    libinit2.o(.ARM.Collect$$libinit$$00000026) refers to argv_veneer.o(.text) for __ARM_argv_veneer
    libinit2.o(.ARM.Collect$$libinit$$00000027) refers to argv_veneer.o(.text) for __ARM_argv_veneer
    retnan.o(.text) refers (Special) to usenofp.o(x$fpl$usenofp) for __I$use$fp
    retnan.o(.text) refers to cmpret.o(.text) for __fpl_cmpreturn
    sys_exit.o(.text) refers (Special) to use_no_semi.o(.text) for __I$use$semihosting
    sys_exit.o(.text) refers (Special) to indicate_semi.o(.text) for __semihosting_library_function
    rtexit2.o(.ARM.Collect$$rtexit$$00000003) refers to libshutdown.o(.ARM.Collect$$libshutdown$$00000000) for __rt_lib_shutdown
    rtexit2.o(.ARM.Collect$$rtexit$$00000004) refers to sys_exit.o(.text) for _sys_exit
    rtexit2.o(.ARM.exidx) refers to rtexit2.o(.ARM.Collect$$rtexit$$00000001) for .ARM.Collect$$rtexit$$00000001
    rtexit2.o(.ARM.exidx) refers to rtexit2.o(.ARM.Collect$$rtexit$$00000003) for .ARM.Collect$$rtexit$$00000003
    rtexit2.o(.ARM.exidx) refers to rtexit2.o(.ARM.Collect$$rtexit$$00000004) for .ARM.Collect$$rtexit$$00000004
    __raise.o(.text) refers to defsig.o(CL$$defsig) for __default_signal_handler
    defsig_general.o(.text) refers to sys_wrch.o(.text) for _ttywrch
    sys_wrch.o(.text) refers (Special) to use_no_semi.o(.text) for __I$use$semihosting
    sys_wrch.o(.text) refers (Special) to indicate_semi.o(.text) for __semihosting_library_function
    defsig.o(CL$$defsig) refers to defsig_fpe_inner.o(.text) for __rt_SIGFPE_inner
    defsig.o(CL$$defsig) refers to defsig_rtmem_inner.o(.text) for __rt_SIGRTMEM_inner
    _get_argv_nomalloc.o(.text) refers (Special) to hrguard.o(.text) for __heap_region$guard
    _get_argv_nomalloc.o(.text) refers to defsig_rtmem_outer.o(.text) for __rt_SIGRTMEM
    _get_argv_nomalloc.o(.text) refers to sys_command.o(.text) for _sys_command_string
    libshutdown.o(.ARM.Collect$$libshutdown$$00000000) refers (Special) to libshutdown2.o(.ARM.Collect$$libshutdown$$00000002) for __rt_lib_shutdown_cpp_1
    libshutdown.o(.ARM.Collect$$libshutdown$$00000000) refers (Special) to libshutdown2.o(.ARM.Collect$$libshutdown$$00000007) for __rt_lib_shutdown_fp_trap_1
    libshutdown.o(.ARM.Collect$$libshutdown$$00000000) refers (Special) to libshutdown2.o(.ARM.Collect$$libshutdown$$0000000F) for __rt_lib_shutdown_heap_1
    libshutdown.o(.ARM.Collect$$libshutdown$$00000000) refers (Special) to libshutdown2.o(.ARM.Collect$$libshutdown$$00000010) for __rt_lib_shutdown_return
    libshutdown.o(.ARM.Collect$$libshutdown$$00000000) refers (Special) to libshutdown2.o(.ARM.Collect$$libshutdown$$0000000A) for __rt_lib_shutdown_signal_1
    libshutdown.o(.ARM.Collect$$libshutdown$$00000000) refers (Special) to libshutdown2.o(.ARM.Collect$$libshutdown$$00000004) for __rt_lib_shutdown_stdio_1
    libshutdown.o(.ARM.Collect$$libshutdown$$00000000) refers (Special) to libshutdown2.o(.ARM.Collect$$libshutdown$$0000000C) for __rt_lib_shutdown_user_alloc_1
    sys_command.o(.text) refers (Special) to use_no_semi.o(.text) for __I$use$semihosting
    sys_command.o(.text) refers (Special) to indicate_semi.o(.text) for __semihosting_library_function
    defsig_abrt_inner.o(.text) refers to defsig_general.o(.text) for __default_signal_display
    defsig_rtred_inner.o(.text) refers to defsig_general.o(.text) for __default_signal_display
    defsig_rtmem_inner.o(.text) refers to defsig_general.o(.text) for __default_signal_display
    defsig_rtmem_outer.o(.text) refers to defsig_rtmem_inner.o(.text) for __rt_SIGRTMEM_inner
    defsig_rtmem_outer.o(.text) refers to defsig_exit.o(.text) for __sig_exit
    defsig_rtmem_formal.o(.text) refers to rt_raise.o(.text) for __rt_raise
    defsig_stak_inner.o(.text) refers to defsig_general.o(.text) for __default_signal_display
    defsig_pvfn_inner.o(.text) refers to defsig_general.o(.text) for __default_signal_display
    defsig_cppl_inner.o(.text) refers to defsig_general.o(.text) for __default_signal_display
    defsig_segv_inner.o(.text) refers to defsig_general.o(.text) for __default_signal_display
    defsig_other.o(.text) refers to defsig_general.o(.text) for __default_signal_display


==============================================================================

Removing Unused input sections from the image.

    Removing main.o(.rev16_text), (4 bytes).
    Removing main.o(.revsh_text), (4 bytes).
    Removing main.o(i.Timer0Init), (88 bytes).
    Removing main.o(.constdata), (2660 bytes).
    Removing convertcolor.o(.rev16_text), (4 bytes).
    Removing convertcolor.o(.revsh_text), (4 bytes).
    Removing font5_7.o(.rev16_text), (4 bytes).
    Removing font5_7.o(.revsh_text), (4 bytes).
    Removing font5_7.o(i.GUI_PutNoStr), (60 bytes).
    Removing font8_8.o(.rev16_text), (4 bytes).
    Removing font8_8.o(.revsh_text), (4 bytes).
    Removing font8_8.o(i.GUI_PutChar8_8), (148 bytes).
    Removing font8_8.o(i.GUI_PutNoStr8_8), (60 bytes).
    Removing font8_8.o(i.GUI_PutString8_8), (44 bytes).
    Removing font8_8.o(.constdata), (768 bytes).
    Removing font24_32.o(.rev16_text), (4 bytes).
    Removing font24_32.o(.revsh_text), (4 bytes).
    Removing gui_basic.o(.rev16_text), (4 bytes).
    Removing gui_basic.o(.revsh_text), (4 bytes).
    Removing gui_basic.o(i.GUI_Arc), (1236 bytes).
    Removing gui_basic.o(i.GUI_Arc4), (586 bytes).
    Removing gui_basic.o(i.GUI_Circle), (496 bytes).
    Removing gui_basic.o(i.GUI_CircleFill), (778 bytes).
    Removing gui_basic.o(i.GUI_CmpPointColor), (38 bytes).
    Removing gui_basic.o(i.GUI_Ellipse), (566 bytes).
    Removing gui_basic.o(i.GUI_EllipseFill), (644 bytes).
    Removing gui_basic.o(i.GUI_FloodFill), (888 bytes).
    Removing gui_basic.o(i.GUI_LineS), (90 bytes).
    Removing gui_basic.o(i.GUI_Pieslice), (1360 bytes).
    Removing gui_basic.o(i.GUI_ReadLeftPoint), (94 bytes).
    Removing gui_basic.o(i.GUI_ReadRightPoint), (58 bytes).
    Removing gui_basic.o(i.GUI_Square), (50 bytes).
    Removing gui_stockc.o(.rev16_text), (4 bytes).
    Removing gui_stockc.o(.revsh_text), (4 bytes).
    Removing gui_stockc.o(i.GUI_ExchangeColor), (28 bytes).
    Removing gui_stockc.o(i.GUI_GetBackColor), (12 bytes).
    Removing gui_stockc.o(i.GUI_GetDispColor), (12 bytes).
    Removing lcmdrv.o(.rev16_text), (4 bytes).
    Removing lcmdrv.o(.revsh_text), (4 bytes).
    Removing lcmdrv.o(i.GUI_FillSCR), (20 bytes).
    Removing lcmdrv.o(i.GUI_Initialize), (8 bytes).
    Removing lcmdrv.o(i.GUI_ReadPoint), (6 bytes).
    Removing loadbit.o(.rev16_text), (4 bytes).
    Removing loadbit.o(.revsh_text), (4 bytes).
    Removing loadbit.o(i.GUI_LoadPic1), (62 bytes).
    Removing loadbit.o(i.GUI_PutHZ), (56 bytes).
    Removing menu.o(.rev16_text), (4 bytes).
    Removing menu.o(.revsh_text), (4 bytes).
    Removing menu.o(i.GUI_Button49x14), (26 bytes).
    Removing menu.o(i.GUI_Button_Cancle), (28 bytes).
    Removing menu.o(i.GUI_Button_Cancle1), (28 bytes).
    Removing menu.o(i.GUI_Button_OK), (28 bytes).
    Removing menu.o(i.GUI_Button_OK1), (28 bytes).
    Removing menu.o(i.GUI_MMenuDraw), (160 bytes).
    Removing menu.o(i.GUI_MMenuNSelect), (80 bytes).
    Removing menu.o(i.GUI_MMenuSelect), (80 bytes).
    Removing menu.o(i.GUI_MenuIcoDraw), (136 bytes).
    Removing menu.o(i.GUI_SMenuDraw), (452 bytes).
    Removing menu.o(i.GUI_SMenuHide), (256 bytes).
    Removing menu.o(i.GUI_SMenuSelect), (220 bytes).
    Removing menu.o(.constdata), (392 bytes).
    Removing spline.o(.rev16_text), (4 bytes).
    Removing spline.o(.revsh_text), (4 bytes).
    Removing spline.o(i.CURVE_GetCount), (18 bytes).
    Removing spline.o(i.CURVE_GetCurve), (376 bytes).
    Removing spline.o(i.CURVE_SetCurve), (116 bytes).
    Removing spline.o(i.GUI_Spline), (84 bytes).
    Removing spline.o(i.SPLINE_Generate), (816 bytes).
    Removing spline.o(i.SPLINE_GetCurve), (120 bytes).
    Removing spline.o(i.SPLINE_GetCurveCount), (96 bytes).
    Removing spline.o(i.SPLINE_MatrixSolve), (376 bytes).
    Removing spline.o(i.SPLINE_SetSpline), (62 bytes).
    Removing spline.o(i.abs), (14 bytes).
    Removing spline.o(i.max), (14 bytes).
    Removing windows.o(.rev16_text), (4 bytes).
    Removing windows.o(.revsh_text), (4 bytes).
    Removing windows.o(i.GUI_WindowsClr), (88 bytes).
    Removing windows.o(i.GUI_WindowsHide), (88 bytes).
    Removing adc.o(.rev16_text), (4 bytes).
    Removing adc.o(.revsh_text), (4 bytes).
    Removing at24c02.o(.rev16_text), (4 bytes).
    Removing at24c02.o(.revsh_text), (4 bytes).
    Removing at24c02.o(i.AT24C02_Read), (32 bytes).
    Removing at24c02.o(i.AT24C02_Write), (34 bytes).
    Removing i2c.o(.rev16_text), (4 bytes).
    Removing i2c.o(.revsh_text), (4 bytes).
    Removing uart.o(.rev16_text), (4 bytes).
    Removing uart.o(.revsh_text), (4 bytes).
    Removing key.o(.rev16_text), (4 bytes).
    Removing key.o(.revsh_text), (4 bytes).
    Removing oled_new.o(.rev16_text), (4 bytes).
    Removing oled_new.o(.revsh_text), (4 bytes).
    Removing oled_new.o(i.Draw_BMP), (116 bytes).
    Removing oled_new.o(i.OLED_Display_Off), (28 bytes).
    Removing oled_new.o(i.OLED_Display_On), (28 bytes).
    Removing oled_new.o(i.OLED_Fill), (50 bytes).
    Removing oled_new.o(i.OLED_Fill_OLD), (58 bytes).
    Removing oled_new.o(i.OLED_P6x8Str), (96 bytes).
    Removing oled_new.o(i.OLED_PutPixel), (68 bytes).
    Removing oled_new.o(i.OLED_Set_Pos), (46 bytes).
    Removing oled_new.o(i.OLED_WrCmd), (108 bytes).
    Removing oled_new.o(i.OLED_WrDat), (108 bytes).
    Removing oled_new.o(.constdata), (552 bytes).
    Removing pwm.o(.rev16_text), (4 bytes).
    Removing pwm.o(.revsh_text), (4 bytes).
    Removing timer.o(.rev16_text), (4 bytes).
    Removing timer.o(.revsh_text), (4 bytes).
    Removing timer.o(i.T16B0_delay_us), (64 bytes).
    Removing system_lpc11xx.o(.rev16_text), (4 bytes).
    Removing system_lpc11xx.o(.revsh_text), (4 bytes).
    Removing system_lpc11xx.o(i.SystemCoreClockUpdate), (440 bytes).
    Removing system_lpc11xx.o(i.__ARM_common_switch8), (28 bytes).

112 unused section(s) (total 17122 bytes) removed from the image.

==============================================================================

Image Symbol Table

    Local Symbols

    Symbol Name                              Value     Ov Type        Size  Object(Section)

    RESET                                    0x00000000   Section      192  startup_lpc11xx.o(RESET)
    ../clib/../cmprslib/zerorunl2.c          0x00000000   Number         0  __dczerorl2.o ABSOLUTE
    ../clib/angel/boardlib.s                 0x00000000   Number         0  boardinit1.o ABSOLUTE
    ../clib/angel/boardlib.s                 0x00000000   Number         0  boardshut.o ABSOLUTE
    ../clib/angel/boardlib.s                 0x00000000   Number         0  boardinit3.o ABSOLUTE
    ../clib/angel/boardlib.s                 0x00000000   Number         0  boardinit2.o ABSOLUTE
    ../clib/angel/handlers.s                 0x00000000   Number         0  __scatter_zi.o ABSOLUTE
    ../clib/angel/kernel.s                   0x00000000   Number         0  rtexit.o ABSOLUTE
    ../clib/angel/kernel.s                   0x00000000   Number         0  __rtentry2.o ABSOLUTE
    ../clib/angel/kernel.s                   0x00000000   Number         0  __rtentry.o ABSOLUTE
    ../clib/angel/kernel.s                   0x00000000   Number         0  rtexit2.o ABSOLUTE
    ../clib/angel/kernel.s                   0x00000000   Number         0  __rtentry4.o ABSOLUTE
    ../clib/angel/rt.s                       0x00000000   Number         0  aeabi_idiv0_sigfpe.o ABSOLUTE
    ../clib/angel/rt.s                       0x00000000   Number         0  aeabi_idiv0.o ABSOLUTE
    ../clib/angel/rt.s                       0x00000000   Number         0  rt_raise.o ABSOLUTE
    ../clib/angel/rt.s                       0x00000000   Number         0  rt_errno_addr_intlibspace.o ABSOLUTE
    ../clib/angel/rt.s                       0x00000000   Number         0  rt_errno_addr.o ABSOLUTE
    ../clib/angel/rt.s                       0x00000000   Number         0  rt_div0.o ABSOLUTE
    ../clib/angel/scatterp.s                 0x00000000   Number         0  __scatter.o ABSOLUTE
    ../clib/angel/startup.s                  0x00000000   Number         0  __main.o ABSOLUTE
    ../clib/angel/sys.s                      0x00000000   Number         0  tempstk.o ABSOLUTE
    ../clib/angel/sys.s                      0x00000000   Number         0  sys_stackheap_outer.o ABSOLUTE
    ../clib/angel/sys.s                      0x00000000   Number         0  libspace.o ABSOLUTE
    ../clib/angel/sys.s                      0x00000000   Number         0  indicate_semi.o ABSOLUTE
    ../clib/angel/sys.s                      0x00000000   Number         0  use_no_semi.o ABSOLUTE
    ../clib/angel/sysapp.c                   0x00000000   Number         0  sys_wrch.o ABSOLUTE
    ../clib/angel/sysapp.c                   0x00000000   Number         0  sys_command.o ABSOLUTE
    ../clib/angel/sysapp.c                   0x00000000   Number         0  sys_exit.o ABSOLUTE
    ../clib/armsys.c                         0x00000000   Number         0  argv_veneer.o ABSOLUTE
    ../clib/armsys.c                         0x00000000   Number         0  no_argv.o ABSOLUTE
    ../clib/armsys.c                         0x00000000   Number         0  _get_argv_nomalloc.o ABSOLUTE
    ../clib/division.c                       0x00000000   Number         0  rtudiv10.o ABSOLUTE
    ../clib/division.s                       0x00000000   Number         0  aeabi_sdiv.o ABSOLUTE
    ../clib/division.s                       0x00000000   Number         0  aeabi_sdiv_div0.o ABSOLUTE
    ../clib/fenv.c                           0x00000000   Number         0  _rserrno.o ABSOLUTE
    ../clib/heapalloc.c                      0x00000000   Number         0  hrguard.o ABSOLUTE
    ../clib/heapaux.c                        0x00000000   Number         0  heapauxi.o ABSOLUTE
    ../clib/libinit.s                        0x00000000   Number         0  libinit2.o ABSOLUTE
    ../clib/libinit.s                        0x00000000   Number         0  libshutdown2.o ABSOLUTE
    ../clib/libinit.s                        0x00000000   Number         0  libinit.o ABSOLUTE
    ../clib/libinit.s                        0x00000000   Number         0  libshutdown.o ABSOLUTE
    ../clib/misc.s                           0x00000000   Number         0  printf_stubs.o ABSOLUTE
    ../clib/printf.c                         0x00000000   Number         0  noretval__2sprintf.o ABSOLUTE
    ../clib/printf.c                         0x00000000   Number         0  __printf_nopercent.o ABSOLUTE
    ../clib/printf.c                         0x00000000   Number         0  __printf_ss.o ABSOLUTE
    ../clib/printf.c                         0x00000000   Number         0  __printf_flags.o ABSOLUTE
    ../clib/printf.c                         0x00000000   Number         0  _printf_dec.o ABSOLUTE
    ../clib/printf.c                         0x00000000   Number         0  __printf_flags_ss.o ABSOLUTE
    ../clib/printf.c                         0x00000000   Number         0  __printf_wp.o ABSOLUTE
    ../clib/printf.c                         0x00000000   Number         0  __printf_flags_wp.o ABSOLUTE
    ../clib/printf.c                         0x00000000   Number         0  __printf_ss_wp.o ABSOLUTE
    ../clib/printf.c                         0x00000000   Number         0  _sputc.o ABSOLUTE
    ../clib/printf.c                         0x00000000   Number         0  _printf_pad.o ABSOLUTE
    ../clib/printf.c                         0x00000000   Number         0  __printf.o ABSOLUTE
    ../clib/printf.c                         0x00000000   Number         0  __2sprintf.o ABSOLUTE
    ../clib/printf.c                         0x00000000   Number         0  _printf_intcommon.o ABSOLUTE
    ../clib/printf.c                         0x00000000   Number         0  _printf_char_common.o ABSOLUTE
    ../clib/printf.c                         0x00000000   Number         0  __printf_flags_ss_wp.o ABSOLUTE
    ../clib/printf_percent.s                 0x00000000   Number         0  _printf_percent_end.o ABSOLUTE
    ../clib/printf_percent.s                 0x00000000   Number         0  _printf_d.o ABSOLUTE
    ../clib/printf_percent.s                 0x00000000   Number         0  _printf_percent.o ABSOLUTE
    ../clib/signal.c                         0x00000000   Number         0  defsig_stak_inner.o ABSOLUTE
    ../clib/signal.c                         0x00000000   Number         0  defsig_pvfn_inner.o ABSOLUTE
    ../clib/signal.c                         0x00000000   Number         0  defsig_cppl_inner.o ABSOLUTE
    ../clib/signal.c                         0x00000000   Number         0  defsig_segv_inner.o ABSOLUTE
    ../clib/signal.c                         0x00000000   Number         0  defsig_other.o ABSOLUTE
    ../clib/signal.c                         0x00000000   Number         0  defsig_fpe_outer.o ABSOLUTE
    ../clib/signal.c                         0x00000000   Number         0  defsig_general.o ABSOLUTE
    ../clib/signal.c                         0x00000000   Number         0  defsig_rtmem_inner.o ABSOLUTE
    ../clib/signal.c                         0x00000000   Number         0  defsig_abrt_inner.o ABSOLUTE
    ../clib/signal.c                         0x00000000   Number         0  defsig_rtred_inner.o ABSOLUTE
    ../clib/signal.c                         0x00000000   Number         0  __raise.o ABSOLUTE
    ../clib/signal.c                         0x00000000   Number         0  defsig_fpe_formal.o ABSOLUTE
    ../clib/signal.c                         0x00000000   Number         0  defsig_rtmem_outer.o ABSOLUTE
    ../clib/signal.c                         0x00000000   Number         0  defsig_fpe_inner.o ABSOLUTE
    ../clib/signal.c                         0x00000000   Number         0  defsig_exit.o ABSOLUTE
    ../clib/signal.c                         0x00000000   Number         0  defsig_rtmem_formal.o ABSOLUTE
    ../clib/signal.s                         0x00000000   Number         0  defsig.o ABSOLUTE
    ../clib/stdlib.c                         0x00000000   Number         0  exit.o ABSOLUTE
    ../fplib/cfplib/cmpret.c                 0x00000000   Number         0  cmpret.o ABSOLUTE
    ../fplib/cfplib/d2f.c                    0x00000000   Number         0  d2f.o ABSOLUTE
    ../fplib/cfplib/dcmpin.c                 0x00000000   Number         0  dcmpin.o ABSOLUTE
    ../fplib/cfplib/ddiv.c                   0x00000000   Number         0  ddiv.o ABSOLUTE
    ../fplib/cfplib/dsqrt.c                  0x00000000   Number         0  dsqrt.o ABSOLUTE
    ../fplib/cfplib/f2d.c                    0x00000000   Number         0  f2d.o ABSOLUTE
    ../fplib/cfplib/fdiv.c                   0x00000000   Number         0  fdiv.o ABSOLUTE
    ../fplib/cfplib/ffix.c                   0x00000000   Number         0  ffixi.o ABSOLUTE
    ../fplib/cfplib/ffix.c                   0x00000000   Number         0  dfixi.o ABSOLUTE
    ../fplib/cfplib/fflt.c                   0x00000000   Number         0  fflti.o ABSOLUTE
    ../fplib/cfplib/fflt.c                   0x00000000   Number         0  dflti.o ABSOLUTE
    ../fplib/cfplib/fpinit.c                 0x00000000   Number         0  fpinit.o ABSOLUTE
    ../fplib/cfplib/nan2.c                   0x00000000   Number         0  dnan2.o ABSOLUTE
    ../fplib/cfplib/retnan.c                 0x00000000   Number         0  retnan.o ABSOLUTE
    ../fplib/dleqf6m.s                       0x00000000   Number         0  dlef.o ABSOLUTE
    ../fplib/faddsub6m.s                     0x00000000   Number         0  faddsub.o ABSOLUTE
    ../fplib/fmul6m.s                        0x00000000   Number         0  fmul.o ABSOLUTE
    ../fplib/usenofp.s                       0x00000000   Number         0  usenofp.o ABSOLUTE
    ../mathlib/sqrt.c                        0x00000000   Number         0  sqrt_x.o ABSOLUTE
    ../mathlib/sqrt.c                        0x00000000   Number         0  sqrt.o ABSOLUTE
    Hardware\ADC\ADC.c                       0x00000000   Number         0  adc.o ABSOLUTE
    Hardware\AT24C02\at24c02.c               0x00000000   Number         0  at24c02.o ABSOLUTE
    Hardware\CFG\i2c.c                       0x00000000   Number         0  i2c.o ABSOLUTE
    Hardware\CFG\uart.c                      0x00000000   Number         0  uart.o ABSOLUTE
    Hardware\KEY\Key.c                       0x00000000   Number         0  key.o ABSOLUTE
    Hardware\OLED_NEW\Oled_New.c             0x00000000   Number         0  oled_new.o ABSOLUTE
    Hardware\PWM\pwm.c                       0x00000000   Number         0  pwm.o ABSOLUTE
    Hardware\TIME\timer.c                    0x00000000   Number         0  timer.o ABSOLUTE
    Hardware\\ADC\\ADC.c                     0x00000000   Number         0  adc.o ABSOLUTE
    Hardware\\AT24C02\\at24c02.c             0x00000000   Number         0  at24c02.o ABSOLUTE
    Hardware\\CFG\\i2c.c                     0x00000000   Number         0  i2c.o ABSOLUTE
    Hardware\\CFG\\uart.c                    0x00000000   Number         0  uart.o ABSOLUTE
    Hardware\\KEY\\Key.c                     0x00000000   Number         0  key.o ABSOLUTE
    Hardware\\OLED_NEW\\Oled_New.c           0x00000000   Number         0  oled_new.o ABSOLUTE
    Hardware\\PWM\\pwm.c                     0x00000000   Number         0  pwm.o ABSOLUTE
    Hardware\\TIME\\timer.c                  0x00000000   Number         0  timer.o ABSOLUTE
    RTE\Device\LPC1114FBD48_301\startup_LPC11xx.s 0x00000000   Number         0  startup_lpc11xx.o ABSOLUTE
    RTE\Device\LPC1114FBD48_301\system_LPC11xx.c 0x00000000   Number         0  system_lpc11xx.o ABSOLUTE
    RTE\\Device\\LPC1114FBD48_301\\system_LPC11xx.c 0x00000000   Number         0  system_lpc11xx.o ABSOLUTE
    ZLG_GUI\ConvertColor.c                   0x00000000   Number         0  convertcolor.o ABSOLUTE
    ZLG_GUI\FONT24_32.C                      0x00000000   Number         0  font24_32.o ABSOLUTE
    ZLG_GUI\FONT8_8.C                        0x00000000   Number         0  font8_8.o ABSOLUTE
    ZLG_GUI\GUI_BASIC.C                      0x00000000   Number         0  gui_basic.o ABSOLUTE
    ZLG_GUI\GUI_StockC.C                     0x00000000   Number         0  gui_stockc.o ABSOLUTE
    ZLG_GUI\\ConvertColor.c                  0x00000000   Number         0  convertcolor.o ABSOLUTE
    ZLG_GUI\\FONT24_32.C                     0x00000000   Number         0  font24_32.o ABSOLUTE
    ZLG_GUI\\FONT8_8.C                       0x00000000   Number         0  font8_8.o ABSOLUTE
    ZLG_GUI\\GUI_BASIC.C                     0x00000000   Number         0  gui_basic.o ABSOLUTE
    ZLG_GUI\\GUI_StockC.C                    0x00000000   Number         0  gui_stockc.o ABSOLUTE
    ZLG_GUI\\font5_7.c                       0x00000000   Number         0  font5_7.o ABSOLUTE
    ZLG_GUI\\lcmdrv.c                        0x00000000   Number         0  lcmdrv.o ABSOLUTE
    ZLG_GUI\\loadbit.c                       0x00000000   Number         0  loadbit.o ABSOLUTE
    ZLG_GUI\\menu.c                          0x00000000   Number         0  menu.o ABSOLUTE
    ZLG_GUI\\spline.c                        0x00000000   Number         0  spline.o ABSOLUTE
    ZLG_GUI\\windows.c                       0x00000000   Number         0  windows.o ABSOLUTE
    ZLG_GUI\font5_7.c                        0x00000000   Number         0  font5_7.o ABSOLUTE
    ZLG_GUI\lcmdrv.c                         0x00000000   Number         0  lcmdrv.o ABSOLUTE
    ZLG_GUI\loadbit.c                        0x00000000   Number         0  loadbit.o ABSOLUTE
    ZLG_GUI\menu.c                           0x00000000   Number         0  menu.o ABSOLUTE
    ZLG_GUI\spline.c                         0x00000000   Number         0  spline.o ABSOLUTE
    ZLG_GUI\windows.c                        0x00000000   Number         0  windows.o ABSOLUTE
    dc.s                                     0x00000000   Number         0  dc.o ABSOLUTE
    main.c                                   0x00000000   Number         0  main.o ABSOLUTE
    main.c                                   0x00000000   Number         0  main.o ABSOLUTE
    !!!main                                  0x000000c0   Section        8  __main.o(!!!main)
    !!!scatter                               0x000000c8   Section       60  __scatter.o(!!!scatter)
    !!handler_zi                             0x00000104   Section       28  __scatter_zi.o(!!handler_zi)
    .ARM.Collect$$_printf_percent$$00000000  0x00000120   Section        2  _printf_percent.o(.ARM.Collect$$_printf_percent$$00000000)
    .ARM.Collect$$_printf_percent$$00000009  0x00000122   Section       10  _printf_d.o(.ARM.Collect$$_printf_percent$$00000009)
    .ARM.Collect$$_printf_percent$$00000017  0x0000012c   Section        4  _printf_percent_end.o(.ARM.Collect$$_printf_percent$$00000017)
    .ARM.Collect$$libinit$$00000000          0x00000130   Section        2  libinit.o(.ARM.Collect$$libinit$$00000000)
    .ARM.Collect$$libinit$$00000002          0x00000132   Section        0  libinit2.o(.ARM.Collect$$libinit$$00000002)
    .ARM.Collect$$libinit$$00000004          0x00000132   Section        0  libinit2.o(.ARM.Collect$$libinit$$00000004)
    .ARM.Collect$$libinit$$0000000A          0x00000132   Section        0  libinit2.o(.ARM.Collect$$libinit$$0000000A)
    .ARM.Collect$$libinit$$0000000C          0x00000132   Section        0  libinit2.o(.ARM.Collect$$libinit$$0000000C)
    .ARM.Collect$$libinit$$0000000E          0x00000132   Section        0  libinit2.o(.ARM.Collect$$libinit$$0000000E)
    .ARM.Collect$$libinit$$00000011          0x00000132   Section        0  libinit2.o(.ARM.Collect$$libinit$$00000011)
    .ARM.Collect$$libinit$$00000013          0x00000132   Section        0  libinit2.o(.ARM.Collect$$libinit$$00000013)
    .ARM.Collect$$libinit$$00000015          0x00000132   Section        0  libinit2.o(.ARM.Collect$$libinit$$00000015)
    .ARM.Collect$$libinit$$00000017          0x00000132   Section        0  libinit2.o(.ARM.Collect$$libinit$$00000017)
    .ARM.Collect$$libinit$$00000019          0x00000132   Section        0  libinit2.o(.ARM.Collect$$libinit$$00000019)
    .ARM.Collect$$libinit$$0000001B          0x00000132   Section        0  libinit2.o(.ARM.Collect$$libinit$$0000001B)
    .ARM.Collect$$libinit$$0000001D          0x00000132   Section        0  libinit2.o(.ARM.Collect$$libinit$$0000001D)
    .ARM.Collect$$libinit$$0000001F          0x00000132   Section        0  libinit2.o(.ARM.Collect$$libinit$$0000001F)
    .ARM.Collect$$libinit$$00000021          0x00000132   Section        0  libinit2.o(.ARM.Collect$$libinit$$00000021)
    .ARM.Collect$$libinit$$00000023          0x00000132   Section        0  libinit2.o(.ARM.Collect$$libinit$$00000023)
    .ARM.Collect$$libinit$$00000025          0x00000132   Section        0  libinit2.o(.ARM.Collect$$libinit$$00000025)
    .ARM.Collect$$libinit$$0000002C          0x00000132   Section        0  libinit2.o(.ARM.Collect$$libinit$$0000002C)
    .ARM.Collect$$libinit$$0000002E          0x00000132   Section        0  libinit2.o(.ARM.Collect$$libinit$$0000002E)
    .ARM.Collect$$libinit$$00000030          0x00000132   Section        0  libinit2.o(.ARM.Collect$$libinit$$00000030)
    .ARM.Collect$$libinit$$00000032          0x00000132   Section        0  libinit2.o(.ARM.Collect$$libinit$$00000032)
    .ARM.Collect$$libinit$$00000033          0x00000132   Section        2  libinit2.o(.ARM.Collect$$libinit$$00000033)
    .ARM.Collect$$libshutdown$$00000000      0x00000134   Section        2  libshutdown.o(.ARM.Collect$$libshutdown$$00000000)
    .ARM.Collect$$libshutdown$$00000002      0x00000136   Section        0  libshutdown2.o(.ARM.Collect$$libshutdown$$00000002)
    .ARM.Collect$$libshutdown$$00000004      0x00000136   Section        0  libshutdown2.o(.ARM.Collect$$libshutdown$$00000004)
    .ARM.Collect$$libshutdown$$00000007      0x00000136   Section        0  libshutdown2.o(.ARM.Collect$$libshutdown$$00000007)
    .ARM.Collect$$libshutdown$$0000000A      0x00000136   Section        0  libshutdown2.o(.ARM.Collect$$libshutdown$$0000000A)
    .ARM.Collect$$libshutdown$$0000000C      0x00000136   Section        0  libshutdown2.o(.ARM.Collect$$libshutdown$$0000000C)
    .ARM.Collect$$libshutdown$$0000000F      0x00000136   Section        0  libshutdown2.o(.ARM.Collect$$libshutdown$$0000000F)
    .ARM.Collect$$libshutdown$$00000010      0x00000136   Section        2  libshutdown2.o(.ARM.Collect$$libshutdown$$00000010)
    .ARM.Collect$$rtentry$$00000000          0x00000138   Section        0  __rtentry.o(.ARM.Collect$$rtentry$$00000000)
    .ARM.Collect$$rtentry$$00000002          0x00000138   Section        0  __rtentry2.o(.ARM.Collect$$rtentry$$00000002)
    .ARM.Collect$$rtentry$$00000004          0x00000138   Section        6  __rtentry4.o(.ARM.Collect$$rtentry$$00000004)
    .ARM.Collect$$rtentry$$00000009          0x0000013e   Section        0  __rtentry2.o(.ARM.Collect$$rtentry$$00000009)
    .ARM.Collect$$rtentry$$0000000A          0x0000013e   Section        4  __rtentry2.o(.ARM.Collect$$rtentry$$0000000A)
    .ARM.Collect$$rtentry$$0000000C          0x00000142   Section        0  __rtentry2.o(.ARM.Collect$$rtentry$$0000000C)
    .ARM.Collect$$rtentry$$0000000D          0x00000142   Section        8  __rtentry2.o(.ARM.Collect$$rtentry$$0000000D)
    .ARM.Collect$$rtexit$$00000000           0x0000014a   Section        2  rtexit.o(.ARM.Collect$$rtexit$$00000000)
    .ARM.Collect$$rtexit$$00000002           0x0000014c   Section        0  rtexit2.o(.ARM.Collect$$rtexit$$00000002)
    .ARM.Collect$$rtexit$$00000003           0x0000014c   Section        4  rtexit2.o(.ARM.Collect$$rtexit$$00000003)
    .ARM.Collect$$rtexit$$00000004           0x00000150   Section        6  rtexit2.o(.ARM.Collect$$rtexit$$00000004)
    .text                                    0x00000158   Section       52  startup_lpc11xx.o(.text)
    .text                                    0x0000018c   Section        0  noretval__2sprintf.o(.text)
    .text                                    0x000001b4   Section        0  _printf_pad.o(.text)
    .text                                    0x00000204   Section        0  _printf_dec.o(.text)
    .text                                    0x00000270   Section        0  heapauxi.o(.text)
    .text                                    0x00000276   Section        0  ffixi.o(.text)
    .text                                    0x000002c4   Section        0  _printf_char_common.o(.text)
    _printf_input_char                       0x000002c5   Thumb Code    10  _printf_char_common.o(.text)
    .text                                    0x000002f4   Section        8  libspace.o(.text)
    .ARM.__at_0x02FC                         0x000002fc   Section        4  startup_lpc11xx.o(.ARM.__at_0x02FC)
    .text                                    0x00000300   Section        0  __printf_wp.o(.text)
    .text                                    0x0000040e   Section      346  aeabi_sdiv.o(.text)
    .text                                    0x00000568   Section        0  fflti.o(.text)
    .text                                    0x000005c6   Section        0  _printf_intcommon.o(.text)
    .text                                    0x00000676   Section        0  _sputc.o(.text)
    .text                                    0x00000680   Section        0  rtudiv10.o(.text)
    .text                                    0x000006a8   Section       62  sys_stackheap_outer.o(.text)
    .text                                    0x000006e6   Section        0  exit.o(.text)
    .text                                    0x000006f8   Section        0  sys_exit.o(.text)
    .text                                    0x00000704   Section        2  use_no_semi.o(.text)
    .text                                    0x00000706   Section        0  __dczerorl2.o(.text)
    .text                                    0x00000706   Section        0  indicate_semi.o(.text)
    i.ADC_Init                               0x0000075c   Section        0  adc.o(i.ADC_Init)
    i.AT24C02_Check                          0x000007d0   Section        0  at24c02.o(i.AT24C02_Check)
    i.AT24C02_ReadOneByte                    0x000007fe   Section        0  at24c02.o(i.AT24C02_ReadOneByte)
    i.AT24C02_WriteOneByte                   0x00000824   Section        0  at24c02.o(i.AT24C02_WriteOneByte)
    i.GUI_ClearSCR                           0x00000848   Section        0  lcmdrv.o(i.GUI_ClearSCR)
    i.GUI_Exec                               0x00000850   Section        0  lcmdrv.o(i.GUI_Exec)
    i.GUI_HLine                              0x00000858   Section        0  lcmdrv.o(i.GUI_HLine)
    i.GUI_Line                               0x00000884   Section        0  gui_basic.o(i.GUI_Line)
    i.GUI_LineWith                           0x00000984   Section        0  gui_basic.o(i.GUI_LineWith)
    i.GUI_LoadLine                           0x00000b68   Section        0  loadbit.o(i.GUI_LoadLine)
    i.GUI_LoadPic                            0x00000bf0   Section        0  loadbit.o(i.GUI_LoadPic)
    i.GUI_MenuDraw                           0x00000c26   Section        0  main.o(i.GUI_MenuDraw)
    i.GUI_Point                              0x00000c66   Section        0  lcmdrv.o(i.GUI_Point)
    i.GUI_PutChar                            0x00000c7c   Section        0  font5_7.o(i.GUI_PutChar)
    i.GUI_PutString                          0x00000d10   Section        0  font5_7.o(i.GUI_PutString)
    i.GUI_RLine                              0x00000d3c   Section        0  lcmdrv.o(i.GUI_RLine)
    i.GUI_Rectangle                          0x00000d68   Section        0  gui_basic.o(i.GUI_Rectangle)
    i.GUI_RectangleFill                      0x00000da4   Section        0  gui_basic.o(i.GUI_RectangleFill)
    i.GUI_SetColor                           0x00000e04   Section        0  gui_stockc.o(i.GUI_SetColor)
    i.GUI_WindowsDraw                        0x00000e18   Section        0  windows.o(i.GUI_WindowsDraw)
    i.GetAdc                                 0x00000fcc   Section        0  adc.o(i.GetAdc)
    i.GetTemp                                0x00001084   Section        0  adc.o(i.GetTemp)
    i.I2C_Init                               0x00001388   Section        0  i2c.o(i.I2C_Init)
    i.I2C_Recieve_Byte                       0x0000142c   Section        0  i2c.o(i.I2C_Recieve_Byte)
    i.I2C_Send_Byte                          0x0000144c   Section        0  i2c.o(i.I2C_Send_Byte)
    i.I2C_Send_Ctrl                          0x0000146a   Section        0  i2c.o(i.I2C_Send_Ctrl)
    i.I2C_Stop                               0x000014d0   Section        0  i2c.o(i.I2C_Stop)
    i.Key_init                               0x000014e4   Section        0  key.o(i.Key_init)
    i.Menu                                   0x00001538   Section        0  main.o(i.Menu)
    i.MyClock                                0x000016c0   Section        0  main.o(i.MyClock)
    i.MySetting                              0x00001814   Section        0  main.o(i.MySetting)
    i.MyThermometer                          0x0000190c   Section        0  main.o(i.MyThermometer)
    i.OLED_Clear                             0x00001a98   Section        0  oled_new.o(i.OLED_Clear)
    i.OLED_DrawPoint                         0x00001ac8   Section        0  oled_new.o(i.OLED_DrawPoint)
    i.OLED_Init                              0x00001b34   Section        0  oled_new.o(i.OLED_Init)
    i.OLED_Refresh_Gram                      0x00001c94   Section        0  oled_new.o(i.OLED_Refresh_Gram)
    i.OLED_WR_Byte                           0x00001ce0   Section        0  oled_new.o(i.OLED_WR_Byte)
    i.Set_pwm                                0x00001db8   Section        0  pwm.o(i.Set_pwm)
    i.SystemInit                             0x00001dfc   Section        0  system_lpc11xx.o(i.SystemInit)
    i.T16B0_delay_ms                         0x00001e9c   Section        0  timer.o(i.T16B0_delay_ms)
    i.T16B0_init                             0x00001ed8   Section        0  timer.o(i.T16B0_init)
    i.TIM32B0_PWM                            0x00001ef8   Section        0  pwm.o(i.TIM32B0_PWM)
    i.TIMER32_0_IRQHandler                   0x00001fa4   Section        0  main.o(i.TIMER32_0_IRQHandler)
    i.UART_Init                              0x00001fc8   Section        0  uart.o(i.UART_Init)
    i.UART_SendByte                          0x00002070   Section        0  uart.o(i.UART_SendByte)
    i.UART_SendStr                           0x00002088   Section        0  uart.o(i.UART_SendStr)
    i.WinInit                                0x000020a4   Section        0  main.o(i.WinInit)
    i._is_digit                              0x000020c4   Section        0  __printf_wp.o(i._is_digit)
    i.delay_i2c                              0x000020d4   Section        0  at24c02.o(i.delay_i2c)
    i.main                                   0x000020f0   Section        0  main.o(i.main)
    .constdata                               0x00002170   Section      768  font5_7.o(.constdata)
    x$fpl$usenofp                            0x00002170   Section        0  usenofp.o(x$fpl$usenofp)
    .constdata                               0x00002470   Section        8  gui_stockc.o(.constdata)
    .data                                    0x10000000   Section     1425  main.o(.data)
    .data                                    0x10000591   Section        2  gui_stockc.o(.data)
    .data                                    0x10000594   Section       12  adc.o(.data)
    .data                                    0x100005a0   Section        4  system_lpc11xx.o(.data)
    .bss                                     0x100005a4   Section       44  main.o(.bss)
    .bss                                     0x100005d0   Section       20  adc.o(.bss)
    .bss                                     0x100005e4   Section     1056  oled_new.o(.bss)
    .bss                                     0x10000a04   Section       96  libspace.o(.bss)
    HEAP                                     0x10000a68   Section        0  startup_lpc11xx.o(HEAP)
    STACK                                    0x10000a68   Section      512  startup_lpc11xx.o(STACK)
    Heap_Mem                                 0x10000a68   Data           0  startup_lpc11xx.o(HEAP)
    Stack_Mem                                0x10000a68   Data         512  startup_lpc11xx.o(STACK)
    __initial_sp                             0x10000c68   Data           0  startup_lpc11xx.o(STACK)

    Global Symbols

    Symbol Name                              Value     Ov Type        Size  Object(Section)

    BuildAttributes$$THM_ISAv3M$S$PE$A:L22$X:L11$S22$IEEE1$IW$USESV6$~STKCKD$USESV7$~SHL$OTIME$ROPI$IEEEJ$EBA8$UX$STANDARDLIB$REQ8$PRES8$EABIv2 0x00000000   Number         0  anon$$obj.o ABSOLUTE
    __ARM_use_no_argv                        0x00000000   Number         0  main.o ABSOLUTE
    __Vectors                                0x00000000   Data           4  startup_lpc11xx.o(RESET)
    _printf_flags                            0x00000000   Number         0  printf_stubs.o ABSOLUTE
    _printf_return_value                     0x00000000   Number         0  printf_stubs.o ABSOLUTE
    _printf_sizespec                         0x00000000   Number         0  printf_stubs.o ABSOLUTE
    _printf_widthprec                        0x00000000   Number         0  printf_stubs.o ABSOLUTE
    __ARM_exceptions_init                     - Undefined Weak Reference
    __alloca_initialize                       - Undefined Weak Reference
    __arm_preinit_                            - Undefined Weak Reference
    __cpp_initialize__aeabi_                  - Undefined Weak Reference
    __cxa_finalize                            - Undefined Weak Reference
    __rt_locale                               - Undefined Weak Reference
    __sigvec_lookup                           - Undefined Weak Reference
    _atexit_init                              - Undefined Weak Reference
    _call_atexit_fns                          - Undefined Weak Reference
    _clock_init                               - Undefined Weak Reference
    _fp_trap_init                             - Undefined Weak Reference
    _fp_trap_shutdown                         - Undefined Weak Reference
    _get_lc_collate                           - Undefined Weak Reference
    _get_lc_ctype                             - Undefined Weak Reference
    _get_lc_monetary                          - Undefined Weak Reference
    _get_lc_numeric                           - Undefined Weak Reference
    _get_lc_time                              - Undefined Weak Reference
    _getenv_init                              - Undefined Weak Reference
    _handle_redirection                       - Undefined Weak Reference
    _init_alloc                               - Undefined Weak Reference
    _init_user_alloc                          - Undefined Weak Reference
    _initio                                   - Undefined Weak Reference
    _printf_truncate_signed                   - Undefined Weak Reference
    _printf_truncate_unsigned                 - Undefined Weak Reference
    _rand_init                                - Undefined Weak Reference
    _signal_finish                            - Undefined Weak Reference
    _signal_init                              - Undefined Weak Reference
    _terminate_alloc                          - Undefined Weak Reference
    _terminate_user_alloc                     - Undefined Weak Reference
    _terminateio                              - Undefined Weak Reference
    __main                                   0x000000c1   Thumb Code     8  __main.o(!!!main)
    __scatterload                            0x000000c9   Thumb Code     0  __scatter.o(!!!scatter)
    __scatterload_rt2                        0x000000c9   Thumb Code    52  __scatter.o(!!!scatter)
    __scatterload_rt2_thumb_only             0x000000c9   Thumb Code     0  __scatter.o(!!!scatter)
    __scatterload_null                       0x000000d9   Thumb Code     0  __scatter.o(!!!scatter)
    __scatterload_zeroinit                   0x00000105   Thumb Code    28  __scatter_zi.o(!!handler_zi)
    _printf_percent                          0x00000121   Thumb Code     0  _printf_percent.o(.ARM.Collect$$_printf_percent$$00000000)
    _printf_d                                0x00000123   Thumb Code     0  _printf_d.o(.ARM.Collect$$_printf_percent$$00000009)
    _printf_percent_end                      0x0000012d   Thumb Code     0  _printf_percent_end.o(.ARM.Collect$$_printf_percent$$00000017)
    __rt_lib_init                            0x00000131   Thumb Code     0  libinit.o(.ARM.Collect$$libinit$$00000000)
    __rt_lib_init_alloca_1                   0x00000133   Thumb Code     0  libinit2.o(.ARM.Collect$$libinit$$0000002E)
    __rt_lib_init_argv_1                     0x00000133   Thumb Code     0  libinit2.o(.ARM.Collect$$libinit$$0000002C)
    __rt_lib_init_atexit_1                   0x00000133   Thumb Code     0  libinit2.o(.ARM.Collect$$libinit$$0000001B)
    __rt_lib_init_clock_1                    0x00000133   Thumb Code     0  libinit2.o(.ARM.Collect$$libinit$$00000021)
    __rt_lib_init_cpp_1                      0x00000133   Thumb Code     0  libinit2.o(.ARM.Collect$$libinit$$00000032)
    __rt_lib_init_exceptions_1               0x00000133   Thumb Code     0  libinit2.o(.ARM.Collect$$libinit$$00000030)
    __rt_lib_init_fp_1                       0x00000133   Thumb Code     0  libinit2.o(.ARM.Collect$$libinit$$00000002)
    __rt_lib_init_fp_trap_1                  0x00000133   Thumb Code     0  libinit2.o(.ARM.Collect$$libinit$$0000001F)
    __rt_lib_init_getenv_1                   0x00000133   Thumb Code     0  libinit2.o(.ARM.Collect$$libinit$$00000023)
    __rt_lib_init_heap_1                     0x00000133   Thumb Code     0  libinit2.o(.ARM.Collect$$libinit$$0000000A)
    __rt_lib_init_lc_collate_1               0x00000133   Thumb Code     0  libinit2.o(.ARM.Collect$$libinit$$00000011)
    __rt_lib_init_lc_ctype_1                 0x00000133   Thumb Code     0  libinit2.o(.ARM.Collect$$libinit$$00000013)
    __rt_lib_init_lc_monetary_1              0x00000133   Thumb Code     0  libinit2.o(.ARM.Collect$$libinit$$00000015)
    __rt_lib_init_lc_numeric_1               0x00000133   Thumb Code     0  libinit2.o(.ARM.Collect$$libinit$$00000017)
    __rt_lib_init_lc_time_1                  0x00000133   Thumb Code     0  libinit2.o(.ARM.Collect$$libinit$$00000019)
    __rt_lib_init_preinit_1                  0x00000133   Thumb Code     0  libinit2.o(.ARM.Collect$$libinit$$00000004)
    __rt_lib_init_rand_1                     0x00000133   Thumb Code     0  libinit2.o(.ARM.Collect$$libinit$$0000000E)
    __rt_lib_init_return                     0x00000133   Thumb Code     0  libinit2.o(.ARM.Collect$$libinit$$00000033)
    __rt_lib_init_signal_1                   0x00000133   Thumb Code     0  libinit2.o(.ARM.Collect$$libinit$$0000001D)
    __rt_lib_init_stdio_1                    0x00000133   Thumb Code     0  libinit2.o(.ARM.Collect$$libinit$$00000025)
    __rt_lib_init_user_alloc_1               0x00000133   Thumb Code     0  libinit2.o(.ARM.Collect$$libinit$$0000000C)
    __rt_lib_shutdown                        0x00000135   Thumb Code     0  libshutdown.o(.ARM.Collect$$libshutdown$$00000000)
    __rt_lib_shutdown_cpp_1                  0x00000137   Thumb Code     0  libshutdown2.o(.ARM.Collect$$libshutdown$$00000002)
    __rt_lib_shutdown_fp_trap_1              0x00000137   Thumb Code     0  libshutdown2.o(.ARM.Collect$$libshutdown$$00000007)
    __rt_lib_shutdown_heap_1                 0x00000137   Thumb Code     0  libshutdown2.o(.ARM.Collect$$libshutdown$$0000000F)
    __rt_lib_shutdown_return                 0x00000137   Thumb Code     0  libshutdown2.o(.ARM.Collect$$libshutdown$$00000010)
    __rt_lib_shutdown_signal_1               0x00000137   Thumb Code     0  libshutdown2.o(.ARM.Collect$$libshutdown$$0000000A)
    __rt_lib_shutdown_stdio_1                0x00000137   Thumb Code     0  libshutdown2.o(.ARM.Collect$$libshutdown$$00000004)
    __rt_lib_shutdown_user_alloc_1           0x00000137   Thumb Code     0  libshutdown2.o(.ARM.Collect$$libshutdown$$0000000C)
    __rt_entry                               0x00000139   Thumb Code     0  __rtentry.o(.ARM.Collect$$rtentry$$00000000)
    __rt_entry_presh_1                       0x00000139   Thumb Code     0  __rtentry2.o(.ARM.Collect$$rtentry$$00000002)
    __rt_entry_sh                            0x00000139   Thumb Code     0  __rtentry4.o(.ARM.Collect$$rtentry$$00000004)
    __rt_entry_li                            0x0000013f   Thumb Code     0  __rtentry2.o(.ARM.Collect$$rtentry$$0000000A)
    __rt_entry_postsh_1                      0x0000013f   Thumb Code     0  __rtentry2.o(.ARM.Collect$$rtentry$$00000009)
    __rt_entry_main                          0x00000143   Thumb Code     0  __rtentry2.o(.ARM.Collect$$rtentry$$0000000D)
    __rt_entry_postli_1                      0x00000143   Thumb Code     0  __rtentry2.o(.ARM.Collect$$rtentry$$0000000C)
    __rt_exit                                0x0000014b   Thumb Code     0  rtexit.o(.ARM.Collect$$rtexit$$00000000)
    __rt_exit_ls                             0x0000014d   Thumb Code     0  rtexit2.o(.ARM.Collect$$rtexit$$00000003)
    __rt_exit_prels_1                        0x0000014d   Thumb Code     0  rtexit2.o(.ARM.Collect$$rtexit$$00000002)
    __rt_exit_exit                           0x00000151   Thumb Code     0  rtexit2.o(.ARM.Collect$$rtexit$$00000004)
    Reset_Handler                            0x00000159   Thumb Code     8  startup_lpc11xx.o(.text)
    NMI_Handler                              0x00000161   Thumb Code     2  startup_lpc11xx.o(.text)
    HardFault_Handler                        0x00000163   Thumb Code     2  startup_lpc11xx.o(.text)
    SVC_Handler                              0x00000165   Thumb Code     2  startup_lpc11xx.o(.text)
    PendSV_Handler                           0x00000167   Thumb Code     2  startup_lpc11xx.o(.text)
    SysTick_Handler                          0x00000169   Thumb Code     2  startup_lpc11xx.o(.text)
    ADC_IRQHandler                           0x0000016b   Thumb Code     0  startup_lpc11xx.o(.text)
    BOD_IRQHandler                           0x0000016b   Thumb Code     0  startup_lpc11xx.o(.text)
    CAN_IRQHandler                           0x0000016b   Thumb Code     0  startup_lpc11xx.o(.text)
    FMC_IRQHandler                           0x0000016b   Thumb Code     0  startup_lpc11xx.o(.text)
    I2C_IRQHandler                           0x0000016b   Thumb Code     0  startup_lpc11xx.o(.text)
    PIOINT0_IRQHandler                       0x0000016b   Thumb Code     0  startup_lpc11xx.o(.text)
    PIOINT1_IRQHandler                       0x0000016b   Thumb Code     0  startup_lpc11xx.o(.text)
    PIOINT2_IRQHandler                       0x0000016b   Thumb Code     0  startup_lpc11xx.o(.text)
    PIOINT3_IRQHandler                       0x0000016b   Thumb Code     0  startup_lpc11xx.o(.text)
    SSP0_IRQHandler                          0x0000016b   Thumb Code     0  startup_lpc11xx.o(.text)
    SSP1_IRQHandler                          0x0000016b   Thumb Code     0  startup_lpc11xx.o(.text)
    TIMER16_0_IRQHandler                     0x0000016b   Thumb Code     0  startup_lpc11xx.o(.text)
    TIMER16_1_IRQHandler                     0x0000016b   Thumb Code     0  startup_lpc11xx.o(.text)
    TIMER32_1_IRQHandler                     0x0000016b   Thumb Code     0  startup_lpc11xx.o(.text)
    UART_IRQHandler                          0x0000016b   Thumb Code     0  startup_lpc11xx.o(.text)
    USB_FIQHandler                           0x0000016b   Thumb Code     0  startup_lpc11xx.o(.text)
    USB_IRQHandler                           0x0000016b   Thumb Code     0  startup_lpc11xx.o(.text)
    WAKEUP_IRQHandler                        0x0000016b   Thumb Code     0  startup_lpc11xx.o(.text)
    WDT_IRQHandler                           0x0000016b   Thumb Code     0  startup_lpc11xx.o(.text)
    __user_initial_stackheap                 0x0000016d   Thumb Code     0  startup_lpc11xx.o(.text)
    __2sprintf                               0x0000018d   Thumb Code    36  noretval__2sprintf.o(.text)
    _printf_pre_padding                      0x000001b5   Thumb Code    44  _printf_pad.o(.text)
    _printf_post_padding                     0x000001e1   Thumb Code    34  _printf_pad.o(.text)
    _printf_int_dec                          0x00000205   Thumb Code    90  _printf_dec.o(.text)
    __use_two_region_memory                  0x00000271   Thumb Code     2  heapauxi.o(.text)
    __rt_heap_escrow$2region                 0x00000273   Thumb Code     2  heapauxi.o(.text)
    __rt_heap_expand$2region                 0x00000275   Thumb Code     2  heapauxi.o(.text)
    __aeabi_f2iz                             0x00000277   Thumb Code     0  ffixi.o(.text)
    _ffix                                    0x00000277   Thumb Code    76  ffixi.o(.text)
    _printf_char_common                      0x000002cf   Thumb Code    32  _printf_char_common.o(.text)
    __user_libspace                          0x000002f5   Thumb Code     8  libspace.o(.text)
    __user_perproc_libspace                  0x000002f5   Thumb Code     0  libspace.o(.text)
    __user_perthread_libspace                0x000002f5   Thumb Code     0  libspace.o(.text)
    __printf                                 0x00000301   Thumb Code   270  __printf_wp.o(.text)
    __aeabi_uidiv                            0x0000040f   Thumb Code     0  aeabi_sdiv.o(.text)
    __aeabi_uidivmod                         0x0000040f   Thumb Code    20  aeabi_sdiv.o(.text)
    __aeabi_idiv                             0x00000423   Thumb Code     0  aeabi_sdiv.o(.text)
    __aeabi_idivmod                          0x00000423   Thumb Code   326  aeabi_sdiv.o(.text)
    __aeabi_i2f_normalise                    0x00000569   Thumb Code    72  fflti.o(.text)
    __aeabi_i2f                              0x000005b1   Thumb Code    16  fflti.o(.text)
    _fflt                                    0x000005b1   Thumb Code     0  fflti.o(.text)
    __aeabi_ui2f                             0x000005c1   Thumb Code     6  fflti.o(.text)
    _ffltu                                   0x000005c1   Thumb Code     0  fflti.o(.text)
    _printf_int_common                       0x000005c7   Thumb Code   176  _printf_intcommon.o(.text)
    _sputc                                   0x00000677   Thumb Code    10  _sputc.o(.text)
    __rt_udiv10                              0x00000681   Thumb Code    40  rtudiv10.o(.text)
    __user_setup_stackheap                   0x000006a9   Thumb Code    62  sys_stackheap_outer.o(.text)
    exit                                     0x000006e7   Thumb Code    16  exit.o(.text)
    _sys_exit                                0x000006f9   Thumb Code     8  sys_exit.o(.text)
    __I$use$semihosting                      0x00000705   Thumb Code     0  use_no_semi.o(.text)
    __use_no_semihosting_swi                 0x00000705   Thumb Code     2  use_no_semi.o(.text)
    __decompress                             0x00000707   Thumb Code     0  __dczerorl2.o(.text)
    __decompress1                            0x00000707   Thumb Code    86  __dczerorl2.o(.text)
    __semihosting_library_function           0x00000707   Thumb Code     0  indicate_semi.o(.text)
    ADC_Init                                 0x0000075d   Thumb Code    90  adc.o(i.ADC_Init)
    AT24C02_Check                            0x000007d1   Thumb Code    46  at24c02.o(i.AT24C02_Check)
    AT24C02_ReadOneByte                      0x000007ff   Thumb Code    38  at24c02.o(i.AT24C02_ReadOneByte)
    AT24C02_WriteOneByte                     0x00000825   Thumb Code    36  at24c02.o(i.AT24C02_WriteOneByte)
    GUI_ClearSCR                             0x00000849   Thumb Code     8  lcmdrv.o(i.GUI_ClearSCR)
    GUI_Exec                                 0x00000851   Thumb Code     8  lcmdrv.o(i.GUI_Exec)
    GUI_HLine                                0x00000859   Thumb Code    44  lcmdrv.o(i.GUI_HLine)
    GUI_Line                                 0x00000885   Thumb Code   256  gui_basic.o(i.GUI_Line)
    GUI_LineWith                             0x00000985   Thumb Code   484  gui_basic.o(i.GUI_LineWith)
    GUI_LoadLine                             0x00000b69   Thumb Code   122  loadbit.o(i.GUI_LoadLine)
    GUI_LoadPic                              0x00000bf1   Thumb Code    54  loadbit.o(i.GUI_LoadPic)
    GUI_MenuDraw                             0x00000c27   Thumb Code    64  main.o(i.GUI_MenuDraw)
    GUI_Point                                0x00000c67   Thumb Code    20  lcmdrv.o(i.GUI_Point)
    GUI_PutChar                              0x00000c7d   Thumb Code   130  font5_7.o(i.GUI_PutChar)
    GUI_PutString                            0x00000d11   Thumb Code    44  font5_7.o(i.GUI_PutString)
    GUI_RLine                                0x00000d3d   Thumb Code    44  lcmdrv.o(i.GUI_RLine)
    GUI_Rectangle                            0x00000d69   Thumb Code    60  gui_basic.o(i.GUI_Rectangle)
    GUI_RectangleFill                        0x00000da5   Thumb Code    96  gui_basic.o(i.GUI_RectangleFill)
    GUI_SetColor                             0x00000e05   Thumb Code    10  gui_stockc.o(i.GUI_SetColor)
    GUI_WindowsDraw                          0x00000e19   Thumb Code   428  windows.o(i.GUI_WindowsDraw)
    GetAdc                                   0x00000fcd   Thumb Code   160  adc.o(i.GetAdc)
    GetTemp                                  0x00001085   Thumb Code   690  adc.o(i.GetTemp)
    I2C_Init                                 0x00001389   Thumb Code   154  i2c.o(i.I2C_Init)
    I2C_Recieve_Byte                         0x0000142d   Thumb Code    32  i2c.o(i.I2C_Recieve_Byte)
    I2C_Send_Byte                            0x0000144d   Thumb Code    30  i2c.o(i.I2C_Send_Byte)
    I2C_Send_Ctrl                            0x0000146b   Thumb Code   102  i2c.o(i.I2C_Send_Ctrl)
    I2C_Stop                                 0x000014d1   Thumb Code    20  i2c.o(i.I2C_Stop)
    Key_init                                 0x000014e5   Thumb Code    74  key.o(i.Key_init)
    Menu                                     0x00001539   Thumb Code   330  main.o(i.Menu)
    MyClock                                  0x000016c1   Thumb Code   286  main.o(i.MyClock)
    MySetting                                0x00001815   Thumb Code   210  main.o(i.MySetting)
    MyThermometer                            0x0000190d   Thumb Code   322  main.o(i.MyThermometer)
    OLED_Clear                               0x00001a99   Thumb Code    42  oled_new.o(i.OLED_Clear)
    OLED_DrawPoint                           0x00001ac9   Thumb Code   102  oled_new.o(i.OLED_DrawPoint)
    OLED_Init                                0x00001b35   Thumb Code   338  oled_new.o(i.OLED_Init)
    OLED_Refresh_Gram                        0x00001c95   Thumb Code    70  oled_new.o(i.OLED_Refresh_Gram)
    OLED_WR_Byte                             0x00001ce1   Thumb Code   212  oled_new.o(i.OLED_WR_Byte)
    Set_pwm                                  0x00001db9   Thumb Code    58  pwm.o(i.Set_pwm)
    SystemInit                               0x00001dfd   Thumb Code   150  system_lpc11xx.o(i.SystemInit)
    T16B0_delay_ms                           0x00001e9d   Thumb Code    52  timer.o(i.T16B0_delay_ms)
    T16B0_init                               0x00001ed9   Thumb Code    24  timer.o(i.T16B0_init)
    TIM32B0_PWM                              0x00001ef9   Thumb Code   154  pwm.o(i.TIM32B0_PWM)
    TIMER32_0_IRQHandler                     0x00001fa5   Thumb Code    24  main.o(i.TIMER32_0_IRQHandler)
    UART_Init                                0x00001fc9   Thumb Code   152  uart.o(i.UART_Init)
    UART_SendByte                            0x00002071   Thumb Code    20  uart.o(i.UART_SendByte)
    UART_SendStr                             0x00002089   Thumb Code    28  uart.o(i.UART_SendStr)
    WinInit                                  0x000020a5   Thumb Code    24  main.o(i.WinInit)
    _is_digit                                0x000020c5   Thumb Code    14  __printf_wp.o(i._is_digit)
    delay_i2c                                0x000020d5   Thumb Code    24  at24c02.o(i.delay_i2c)
    main                                     0x000020f1   Thumb Code   124  main.o(i.main)
    FONT5x7ASCII                             0x00002170   Data         768  font5_7.o(.constdata)
    __I$use$fp                               0x00002170   Number         0  usenofp.o(x$fpl$usenofp)
    DCB2HEX_TAB                              0x00002470   Data           8  gui_stockc.o(.constdata)
    Region$$Table$$Base                      0x00002478   Number         0  anon$$obj.o(Region$$Table)
    Region$$Table$$Limit                     0x00002498   Number         0  anon$$obj.o(Region$$Table)
    timecounter                              0x10000000   Data           4  main.o(.data)
    hourTime                                 0x10000004   Data           4  main.o(.data)
    minuteTime                               0x10000008   Data           4  main.o(.data)
    Juhao                                    0x1000000c   Data           5  main.o(.data)
    Thermometer                              0x10000011   Data         672  main.o(.data)
    Shizhong                                 0x100002b1   Data         385  main.o(.data)
    My_setting                               0x10000432   Data         200  main.o(.data)
    hours                                    0x100004fa   Data          24  main.o(.data)
    minute                                   0x10000512   Data         120  main.o(.data)
    AS                                       0x1000058a   Data           7  main.o(.data)
    disp_color                               0x10000591   Data           1  gui_stockc.o(.data)
    back_color                               0x10000592   Data           1  gui_stockc.o(.data)
    Temp                                     0x10000594   Data           4  adc.o(.data)
    ulADCData                                0x10000598   Data           4  adc.o(.data)
    ulADCBuf                                 0x1000059c   Data           4  adc.o(.data)
    SystemCoreClock                          0x100005a0   Data           4  system_lpc11xx.o(.data)
    Win                                      0x100005a4   Data          24  main.o(.bss)
    Str                                      0x100005bc   Data          20  main.o(.bss)
    GcRcvBuf                                 0x100005d0   Data          20  adc.o(.bss)
    OLED_GRAM                                0x100005e4   Data        1056  oled_new.o(.bss)
    __libspace_start                         0x10000a04   Data          96  libspace.o(.bss)
    __temporary_stack_top$libspace           0x10000a64   Data           0  libspace.o(.bss)



==============================================================================

Memory Map of the image

  Image Entry point : 0x000000c1

  Load Region LR_IROM1 (Base: 0x00000000, Size: 0x00002a3c, Max: 0x00008000, ABSOLUTE, COMPRESSED[0x0000272c])

    Execution Region ER_IROM1 (Base: 0x00000000, Size: 0x00002498, Max: 0x00008000, ABSOLUTE)

    Base Addr    Size         Type   Attr      Idx    E Section Name        Object

    0x00000000   0x000000c0   Data   RO         1195    RESET               startup_lpc11xx.o
    0x000000c0   0x00000008   Code   RO         1277  * !!!main             c_p.l(__main.o)
    0x000000c8   0x0000003c   Code   RO         1513    !!!scatter          c_p.l(__scatter.o)
    0x00000104   0x0000001c   Code   RO         1515    !!handler_zi        c_p.l(__scatter_zi.o)
    0x00000120   0x00000002   Code   RO         1270    .ARM.Collect$$_printf_percent$$00000000  c_p.l(_printf_percent.o)
    0x00000122   0x0000000a   Code   RO         1269    .ARM.Collect$$_printf_percent$$00000009  c_p.l(_printf_d.o)
    0x0000012c   0x00000004   Code   RO         1326    .ARM.Collect$$_printf_percent$$00000017  c_p.l(_printf_percent_end.o)
    0x00000130   0x00000002   Code   RO         1377    .ARM.Collect$$libinit$$00000000  c_p.l(libinit.o)
    0x00000132   0x00000000   Code   RO         1392    .ARM.Collect$$libinit$$00000002  c_p.l(libinit2.o)
    0x00000132   0x00000000   Code   RO         1394    .ARM.Collect$$libinit$$00000004  c_p.l(libinit2.o)
    0x00000132   0x00000000   Code   RO         1397    .ARM.Collect$$libinit$$0000000A  c_p.l(libinit2.o)
    0x00000132   0x00000000   Code   RO         1399    .ARM.Collect$$libinit$$0000000C  c_p.l(libinit2.o)
    0x00000132   0x00000000   Code   RO         1401    .ARM.Collect$$libinit$$0000000E  c_p.l(libinit2.o)
    0x00000132   0x00000000   Code   RO         1404    .ARM.Collect$$libinit$$00000011  c_p.l(libinit2.o)
    0x00000132   0x00000000   Code   RO         1406    .ARM.Collect$$libinit$$00000013  c_p.l(libinit2.o)
    0x00000132   0x00000000   Code   RO         1408    .ARM.Collect$$libinit$$00000015  c_p.l(libinit2.o)
    0x00000132   0x00000000   Code   RO         1410    .ARM.Collect$$libinit$$00000017  c_p.l(libinit2.o)
    0x00000132   0x00000000   Code   RO         1412    .ARM.Collect$$libinit$$00000019  c_p.l(libinit2.o)
    0x00000132   0x00000000   Code   RO         1414    .ARM.Collect$$libinit$$0000001B  c_p.l(libinit2.o)
    0x00000132   0x00000000   Code   RO         1416    .ARM.Collect$$libinit$$0000001D  c_p.l(libinit2.o)
    0x00000132   0x00000000   Code   RO         1418    .ARM.Collect$$libinit$$0000001F  c_p.l(libinit2.o)
    0x00000132   0x00000000   Code   RO         1420    .ARM.Collect$$libinit$$00000021  c_p.l(libinit2.o)
    0x00000132   0x00000000   Code   RO         1422    .ARM.Collect$$libinit$$00000023  c_p.l(libinit2.o)
    0x00000132   0x00000000   Code   RO         1424    .ARM.Collect$$libinit$$00000025  c_p.l(libinit2.o)
    0x00000132   0x00000000   Code   RO         1428    .ARM.Collect$$libinit$$0000002C  c_p.l(libinit2.o)
    0x00000132   0x00000000   Code   RO         1430    .ARM.Collect$$libinit$$0000002E  c_p.l(libinit2.o)
    0x00000132   0x00000000   Code   RO         1432    .ARM.Collect$$libinit$$00000030  c_p.l(libinit2.o)
    0x00000132   0x00000000   Code   RO         1434    .ARM.Collect$$libinit$$00000032  c_p.l(libinit2.o)
    0x00000132   0x00000002   Code   RO         1435    .ARM.Collect$$libinit$$00000033  c_p.l(libinit2.o)
    0x00000134   0x00000002   Code   RO         1468    .ARM.Collect$$libshutdown$$00000000  c_p.l(libshutdown.o)
    0x00000136   0x00000000   Code   RO         1494    .ARM.Collect$$libshutdown$$00000002  c_p.l(libshutdown2.o)
    0x00000136   0x00000000   Code   RO         1496    .ARM.Collect$$libshutdown$$00000004  c_p.l(libshutdown2.o)
    0x00000136   0x00000000   Code   RO         1499    .ARM.Collect$$libshutdown$$00000007  c_p.l(libshutdown2.o)
    0x00000136   0x00000000   Code   RO         1502    .ARM.Collect$$libshutdown$$0000000A  c_p.l(libshutdown2.o)
    0x00000136   0x00000000   Code   RO         1504    .ARM.Collect$$libshutdown$$0000000C  c_p.l(libshutdown2.o)
    0x00000136   0x00000000   Code   RO         1507    .ARM.Collect$$libshutdown$$0000000F  c_p.l(libshutdown2.o)
    0x00000136   0x00000002   Code   RO         1508    .ARM.Collect$$libshutdown$$00000010  c_p.l(libshutdown2.o)
    0x00000138   0x00000000   Code   RO         1313    .ARM.Collect$$rtentry$$00000000  c_p.l(__rtentry.o)
    0x00000138   0x00000000   Code   RO         1335    .ARM.Collect$$rtentry$$00000002  c_p.l(__rtentry2.o)
    0x00000138   0x00000006   Code   RO         1347    .ARM.Collect$$rtentry$$00000004  c_p.l(__rtentry4.o)
    0x0000013e   0x00000000   Code   RO         1337    .ARM.Collect$$rtentry$$00000009  c_p.l(__rtentry2.o)
    0x0000013e   0x00000004   Code   RO         1338    .ARM.Collect$$rtentry$$0000000A  c_p.l(__rtentry2.o)
    0x00000142   0x00000000   Code   RO         1340    .ARM.Collect$$rtentry$$0000000C  c_p.l(__rtentry2.o)
    0x00000142   0x00000008   Code   RO         1341    .ARM.Collect$$rtentry$$0000000D  c_p.l(__rtentry2.o)
    0x0000014a   0x00000002   Code   RO         1383    .ARM.Collect$$rtexit$$00000000  c_p.l(rtexit.o)
    0x0000014c   0x00000000   Code   RO         1441    .ARM.Collect$$rtexit$$00000002  c_p.l(rtexit2.o)
    0x0000014c   0x00000004   Code   RO         1442    .ARM.Collect$$rtexit$$00000003  c_p.l(rtexit2.o)
    0x00000150   0x00000006   Code   RO         1443    .ARM.Collect$$rtexit$$00000004  c_p.l(rtexit2.o)
    0x00000156   0x00000002   PAD
    0x00000158   0x00000034   Code   RO         1197    .text               startup_lpc11xx.o
    0x0000018c   0x00000028   Code   RO         1241    .text               c_p.l(noretval__2sprintf.o)
    0x000001b4   0x0000004e   Code   RO         1245    .text               c_p.l(_printf_pad.o)
    0x00000202   0x00000002   PAD
    0x00000204   0x0000006c   Code   RO         1247    .text               c_p.l(_printf_dec.o)
    0x00000270   0x00000006   Code   RO         1275    .text               c_p.l(heapauxi.o)
    0x00000276   0x0000004c   Code   RO         1299    .text               fz_ps.l(ffixi.o)
    0x000002c2   0x00000002   PAD
    0x000002c4   0x00000030   Code   RO         1322    .text               c_p.l(_printf_char_common.o)
    0x000002f4   0x00000008   Code   RO         1360    .text               c_p.l(libspace.o)
    0x000002fc   0x00000004   Code   RO         1196    .ARM.__at_0x02FC    startup_lpc11xx.o
    0x00000300   0x0000010e   Code   RO         1257    .text               c_p.l(__printf_wp.o)
    0x0000040e   0x0000015a   Code   RO         1271    .text               c_p.l(aeabi_sdiv.o)
    0x00000568   0x0000005e   Code   RO         1301    .text               fz_ps.l(fflti.o)
    0x000005c6   0x000000b0   Code   RO         1320    .text               c_p.l(_printf_intcommon.o)
    0x00000676   0x0000000a   Code   RO         1324    .text               c_p.l(_sputc.o)
    0x00000680   0x00000028   Code   RO         1327    .text               c_p.l(rtudiv10.o)
    0x000006a8   0x0000003e   Code   RO         1363    .text               c_p.l(sys_stackheap_outer.o)
    0x000006e6   0x00000010   Code   RO         1366    .text               c_p.l(exit.o)
    0x000006f6   0x00000002   PAD
    0x000006f8   0x0000000c   Code   RO         1438    .text               c_p.l(sys_exit.o)
    0x00000704   0x00000002   Code   RO         1457    .text               c_p.l(use_no_semi.o)
    0x00000706   0x00000000   Code   RO         1459    .text               c_p.l(indicate_semi.o)
    0x00000706   0x00000056   Code   RO         1511    .text               c_p.l(__dczerorl2.o)
    0x0000075c   0x00000074   Code   RO          787    i.ADC_Init          adc.o
    0x000007d0   0x0000002e   Code   RO          846    i.AT24C02_Check     at24c02.o
    0x000007fe   0x00000026   Code   RO          848    i.AT24C02_ReadOneByte  at24c02.o
    0x00000824   0x00000024   Code   RO          850    i.AT24C02_WriteOneByte  at24c02.o
    0x00000848   0x00000008   Code   RO          483    i.GUI_ClearSCR      lcmdrv.o
    0x00000850   0x00000008   Code   RO          484    i.GUI_Exec          lcmdrv.o
    0x00000858   0x0000002c   Code   RO          486    i.GUI_HLine         lcmdrv.o
    0x00000884   0x00000100   Code   RO          326    i.GUI_Line          gui_basic.o
    0x00000984   0x000001e4   Code   RO          328    i.GUI_LineWith      gui_basic.o
    0x00000b68   0x00000088   Code   RO          548    i.GUI_LoadLine      loadbit.o
    0x00000bf0   0x00000036   Code   RO          549    i.GUI_LoadPic       loadbit.o
    0x00000c26   0x00000040   Code   RO            3    i.GUI_MenuDraw      main.o
    0x00000c66   0x00000014   Code   RO          488    i.GUI_Point         lcmdrv.o
    0x00000c7a   0x00000002   PAD
    0x00000c7c   0x00000094   Code   RO          234    i.GUI_PutChar       font5_7.o
    0x00000d10   0x0000002c   Code   RO          236    i.GUI_PutString     font5_7.o
    0x00000d3c   0x0000002c   Code   RO          489    i.GUI_RLine         lcmdrv.o
    0x00000d68   0x0000003c   Code   RO          332    i.GUI_Rectangle     gui_basic.o
    0x00000da4   0x00000060   Code   RO          333    i.GUI_RectangleFill  gui_basic.o
    0x00000e04   0x00000014   Code   RO          441    i.GUI_SetColor      gui_stockc.o
    0x00000e18   0x000001b4   Code   RO          756    i.GUI_WindowsDraw   windows.o
    0x00000fcc   0x000000b8   Code   RO          788    i.GetAdc            adc.o
    0x00001084   0x00000304   Code   RO          789    i.GetTemp           adc.o
    0x00001388   0x000000a4   Code   RO          908    i.I2C_Init          i2c.o
    0x0000142c   0x00000020   Code   RO          909    i.I2C_Recieve_Byte  i2c.o
    0x0000144c   0x0000001e   Code   RO          910    i.I2C_Send_Byte     i2c.o
    0x0000146a   0x00000066   Code   RO          911    i.I2C_Send_Ctrl     i2c.o
    0x000014d0   0x00000014   Code   RO          912    i.I2C_Stop          i2c.o
    0x000014e4   0x00000054   Code   RO          990    i.Key_init          key.o
    0x00001538   0x00000188   Code   RO            4    i.Menu              main.o
    0x000016c0   0x00000154   Code   RO            5    i.MyClock           main.o
    0x00001814   0x000000f8   Code   RO            6    i.MySetting         main.o
    0x0000190c   0x0000018c   Code   RO            7    i.MyThermometer     main.o
    0x00001a98   0x00000030   Code   RO         1015    i.OLED_Clear        oled_new.o
    0x00001ac8   0x0000006c   Code   RO         1018    i.OLED_DrawPoint    oled_new.o
    0x00001b34   0x00000160   Code   RO         1021    i.OLED_Init         oled_new.o
    0x00001c94   0x0000004c   Code   RO         1024    i.OLED_Refresh_Gram  oled_new.o
    0x00001ce0   0x000000d8   Code   RO         1026    i.OLED_WR_Byte      oled_new.o
    0x00001db8   0x00000044   Code   RO         1131    i.Set_pwm           pwm.o
    0x00001dfc   0x000000a0   Code   RO         1206    i.SystemInit        system_lpc11xx.o
    0x00001e9c   0x0000003c   Code   RO         1160    i.T16B0_delay_ms    timer.o
    0x00001ed8   0x00000020   Code   RO         1162    i.T16B0_init        timer.o
    0x00001ef8   0x000000ac   Code   RO         1132    i.TIM32B0_PWM       pwm.o
    0x00001fa4   0x00000024   Code   RO            8    i.TIMER32_0_IRQHandler  main.o
    0x00001fc8   0x000000a8   Code   RO          955    i.UART_Init         uart.o
    0x00002070   0x00000018   Code   RO          956    i.UART_SendByte     uart.o
    0x00002088   0x0000001c   Code   RO          957    i.UART_SendStr      uart.o
    0x000020a4   0x00000020   Code   RO           10    i.WinInit           main.o
    0x000020c4   0x0000000e   Code   RO         1259    i._is_digit         c_p.l(__printf_wp.o)
    0x000020d2   0x00000002   PAD
    0x000020d4   0x0000001c   Code   RO          851    i.delay_i2c         at24c02.o
    0x000020f0   0x00000080   Code   RO           11    i.main              main.o
    0x00002170   0x00000000   Code   RO         1333    x$fpl$usenofp       fz_ps.l(usenofp.o)
    0x00002170   0x00000300   Data   RO          237    .constdata          font5_7.o
    0x00002470   0x00000008   Data   RO          442    .constdata          gui_stockc.o
    0x00002478   0x00000020   Data   RO         1509    Region$$Table       anon$$obj.o


    Execution Region RW_IRAM1 (Base: 0x10000000, Size: 0x00000c68, Max: 0x00002000, ABSOLUTE, COMPRESSED[0x00000294])

    Base Addr    Size         Type   Attr      Idx    E Section Name        Object

    0x10000000   0x00000591   Data   RW           14    .data               main.o
    0x10000591   0x00000002   Data   RW          443    .data               gui_stockc.o
    0x10000593   0x00000001   PAD
    0x10000594   0x0000000c   Data   RW          791    .data               adc.o
    0x100005a0   0x00000004   Data   RW         1207    .data               system_lpc11xx.o
    0x100005a4   0x0000002c   Zero   RW           12    .bss                main.o
    0x100005d0   0x00000014   Zero   RW          790    .bss                adc.o
    0x100005e4   0x00000420   Zero   RW         1029    .bss                oled_new.o
    0x10000a04   0x00000060   Zero   RW         1361    .bss                c_p.l(libspace.o)
    0x10000a64   0x00000004   PAD
    0x10000a68   0x00000000   Zero   RW         1194    HEAP                startup_lpc11xx.o
    0x10000a68   0x00000200   Zero   RW         1193    STACK               startup_lpc11xx.o


==============================================================================

Image component sizes


      Code (inc. data)   RO Data    RW Data    ZI Data      Debug   Object Name

      1072        132          0         12         20       2801   adc.o
       148          4          0          0          0       2225   at24c02.o
         0          0          0          0          0       1096   convertcolor.o
       192         18        768          0          0       1949   font5_7.o
       896          0          0          0          0       4066   gui_basic.o
        20         10          8          2          0       1039   gui_stockc.o
       348         10          0          0          0       2361   i2c.o
        84         10          0          0          0        399   key.o
       124          0          0          0          0       2674   lcmdrv.o
       190         14          0          0          0       1833   loadbit.o
      1636        252          0       1425         44      11868   main.o
       800         36          0          0       1056       4414   oled_new.o
       240         28          0          0          0       1092   pwm.o
        56         26        192          0        512        856   startup_lpc11xx.o
       160         10          0          4          0       1899   system_lpc11xx.o
        92         16          0          0          0        886   timer.o
       220         20          0          0          0       1407   uart.o
       436          8          0          0          0       1166   windows.o

    ----------------------------------------------------------------------
      6716        594       1000       1444       1632      44031   Object Totals
         0          0         32          0          0          0   (incl. Generated)
         2          0          0          1          0          0   (incl. Padding)

    ----------------------------------------------------------------------

      Code (inc. data)   RO Data    RW Data    ZI Data      Debug   Library Member Name

        86          0          0          0          0          0   __dczerorl2.o
         8          0          0          0          0         68   __main.o
       284          0          0          0          0        136   __printf_wp.o
         0          0          0          0          0          0   __rtentry.o
        12          0          0          0          0          0   __rtentry2.o
         6          0          0          0          0          0   __rtentry4.o
        60          8          0          0          0          0   __scatter.o
        28          0          0          0          0          0   __scatter_zi.o
        48          6          0          0          0         88   _printf_char_common.o
        10          0          0          0          0          0   _printf_d.o
       108         18          0          0          0         76   _printf_dec.o
       176          0          0          0          0         84   _printf_intcommon.o
        78          0          0          0          0        100   _printf_pad.o
         2          0          0          0          0          0   _printf_percent.o
         4          0          0          0          0          0   _printf_percent_end.o
        10          0          0          0          0         60   _sputc.o
       346          0          0          0          0         92   aeabi_sdiv.o
        16          0          0          0          0         68   exit.o
         6          0          0          0          0        136   heapauxi.o
         0          0          0          0          0          0   indicate_semi.o
         2          0          0          0          0          0   libinit.o
         2          0          0          0          0          0   libinit2.o
         2          0          0          0          0          0   libshutdown.o
         2          0          0          0          0          0   libshutdown2.o
         8          4          0          0         96         68   libspace.o
        40          4          0          0          0         84   noretval__2sprintf.o
         2          0          0          0          0          0   rtexit.o
        10          0          0          0          0          0   rtexit2.o
        40          0          0          0          0         60   rtudiv10.o
        12          4          0          0          0         60   sys_exit.o
        62          0          0          0          0         80   sys_stackheap_outer.o
         2          0          0          0          0         68   use_no_semi.o
        76          0          0          0          0         68   ffixi.o
        94          0          0          0          0         92   fflti.o
         0          0          0          0          0          0   usenofp.o

    ----------------------------------------------------------------------
      1652         44          0          0        100       1488   Library Totals
        10          0          0          0          4          0   (incl. Padding)

    ----------------------------------------------------------------------

      Code (inc. data)   RO Data    RW Data    ZI Data      Debug   Library Name

      1472         44          0          0         96       1328   c_p.l
       170          0          0          0          0        160   fz_ps.l

    ----------------------------------------------------------------------
      1652         44          0          0        100       1488   Library Totals

    ----------------------------------------------------------------------

==============================================================================


      Code (inc. data)   RO Data    RW Data    ZI Data      Debug   

      8368        638       1000       1444       1732      42871   Grand Totals
      8368        638       1000        660       1732      42871   ELF Image Totals (compressed)
      8368        638       1000        660          0          0   ROM Totals

==============================================================================

    Total RO  Size (Code + RO Data)                 9368 (   9.15kB)
    Total RW  Size (RW Data + ZI Data)              3176 (   3.10kB)
    Total ROM Size (Code + RO Data + RW Data)      10028 (   9.79kB)

==============================================================================

