<html>
<body>
<pre>
<h1>µVision Build Log</h1>
<h2>Tool Versions:</h2>
IDE-Version: ¦ÌVision V5.20.0.0
Copyright (C) 2016 ARM Ltd and ARM Germany GmbH. All rights reserved.
License Information: 1 ASUS, Microsoft, LIC=HN08T-RZE5I-AQD0M-X62U1-16VJE-4CQHX
 
Tool Versions:
Toolchain:       MDK-ARM Plus  Version: 5.20
Toolchain Path:  D:\Keil_v5\ARM\ARMCC\Bin
C Compiler:      Armcc.exe V5.06 update 2 (build 183)
Assembler:       Armasm.exe V5.06 update 2 (build 183)
Linker/Locator:  ArmLink.exe V5.06 update 2 (build 183)
Library Manager: ArmAr.exe V5.06 update 2 (build 183)
Hex Converter:   FromElf.exe V5.06 update 2 (build 183)
CPU DLL:         SARMCM3.DLL V5.20
Dialog DLL:      DARMCM1.DLL V1.14.0.0
Target DLL:      Segger\JL2CM3.dll V2.99.20.0
Dialog DLL:      TARMCM1.DLL V1.10.0.0
 
<h2>Project:</h2>
C:\Users\lll88\Desktop\dpj\finalproject\out\clock.uvprojx
Project File Date:  06/08/2017

<h2>Output:</h2>
*** Using Compiler 'V5.06 update 2 (build 183)', folder: 'D:\Keil_v5\ARM\ARMCC\Bin'
Build target 'Target 1'
compiling ConvertColor.c...
compiling font5_7.c...
compiling main.c...
main.c(37): warning:  #940-D: missing return statement at end of non-void function "GUI_MenuDraw"
  }
main.c(423): warning:  #223-D: function "AT24C02_ReadOneByte" declared implicitly
    int T=AT24C02_ReadOneByte(SETMAX_TEMP);     //??AT24C02?Ð¶?È¡SETMAX_TEMP
main.c(469): warning:  #223-D: function "Set_pwm" declared implicitly
  				Set_pwm(1000, 50);
main.c(477): warning:  #223-D: function "Set_pwm" declared implicitly
  				Set_pwm(1000,100);
main.c(483): warning:  #111-D: statement is unreachable
   return 0; 
main.c(547): warning:  #223-D: function "AT24C02_ReadOneByte" declared implicitly
  	     int T=AT24C02_ReadOneByte(SETMAX_TEMP);  
main.c(558): warning:  #223-D: function "AT24C02_WriteOneByte" declared implicitly
  				AT24C02_WriteOneByte(SETMAX_TEMP, T);       
main.c(668): warning:  #111-D: statement is unreachable
  				 case 0:for(int i=20;i<120;i+=5)GUI_PutString(i,17,"-"); return 1;break;
main.c(669): warning:  #111-D: statement is unreachable
  			   case 1:for(int i=20;i<120;i+=5)GUI_PutString(i,28,"-"); return 2;break;
main.c(670): warning:  #111-D: statement is unreachable
  			   case 2:for(int i=20;i<120;i+=5)GUI_PutString(i,39,"-"); return 3;break;
main.c(692): warning:  #223-D: function "Key_init" declared implicitly
      Key_init();
main.c(697): warning:  #223-D: function "TIM32B0_PWM" declared implicitly
  	  TIM32B0_PWM(1000,100);
main.c(700): warning:  #223-D: function "I2C_Init" declared implicitly
  	  I2C_Init();
main.c(701): warning:  #223-D: function "AT24C02_Check" declared implicitly
  		while(AT24C02_Check()) ; 
main.c: 14 warnings, 0 errors
compiling FONT8_8.C...
compiling FONT24_32.C...
compiling GUI_StockC.C...
compiling GUI_BASIC.C...
ZLG_GUI\GUI_BASIC.C(1202): warning:  #111-D: statement is unreachable
    GUI_HLine(x0_bak, y0_bak, x1_bak, color);
ZLG_GUI\GUI_BASIC.C: 1 warning, 0 errors
compiling lcmdrv.c...
compiling loadbit.c...
compiling menu.c...
compiling spline.c...
compiling at24c02.c...
compiling ADC.c...
Hardware\ADC\ADC.c(163): warning:  #940-D: missing return statement at end of non-void function "GetTemp"
  }
Hardware\ADC\ADC.c(73): warning:  #177-D: variable "T" was declared but never referenced
  	float  T=0;
Hardware\ADC\ADC.c(167): warning:  #1-D: last line of file ends without a newline
  	 
Hardware\ADC\ADC.c: 3 warnings, 0 errors
compiling windows.c...
compiling i2c.c...
compiling uart.c...
compiling Key.c...
compiling timer.c...
compiling pwm.c...
compiling Oled_New.c...
assembling startup_LPC11xx.s...
compiling system_LPC11xx.c...
linking...
Program Size: Code=8368 RO-data=1000 RW-data=1444 ZI-data=1732  
".\Objects\clock.axf" - 0 Error(s), 18 Warning(s).

<h2>Software Packages used:</h2>

Package Vendor: ARM
                http://www.keil.com/pack/ARM.CMSIS.5.0.0-Beta12.pack
                ARM::CMSIS:CORE:5.0.0
                CMSIS (Cortex Microcontroller Software Interface Standard)
   * Component: CORE Version: 5.0.0

Package Vendor: Keil
                http://www.keil.com/pack/Keil.LPC1100_DFP.1.4.0.pack
                Keil::Device:Startup:1.0.0
                NXP LPC1100 Series Device Support
   * Component: Startup Version: 1.0.0

<h2>Collection of Component include folders:</h2>
  C:\Users\lll88\Desktop\dpj\finalproject\out\RTE
  D:\Keil_v5\ARM\PACK\ARM\CMSIS\5.0.0-Beta12\CMSIS\Include
  D:\Keil_v5\ARM\PACK\Keil\LPC1100_DFP\1.4.0\Device\Include\LPC11xx

<h2>Collection of Component Files used:</h2>

   * Component: ARM::CMSIS:CORE:5.0.0

   * Component: Keil::Device:Startup:1.0.0
      Source file:   Device\Source\ARM\startup_LPC11xx.s
      Source file:   Device\Source\system_LPC11xx.c
Build Time Elapsed:  00:00:06
</pre>
</body>
</html>
